Component: ARM Compiler 5.06 update 5 (build 528) Tool: armlink [4d35e2]

==============================================================================

Section Cross References

    main.o(i.OS_CPU_SysTickClkFreq) refers to main.o(i.BSP_CPU_ClkFreq) for BSP_CPU_ClkFreq
    main.o(i.led1_task) refers to gpio.o(i.bit_set) for bit_set
    main.o(i.led1_task) refers to os_time.o(i.OSTimeDly) for OSTimeDly
    main.o(i.led1_task) refers to gpio.o(i.bit_read) for bit_read
    main.o(i.led2_task) refers to uart.o(i.Uart1Getc) for Uart1Getc
    main.o(i.led2_task) refers to os_time.o(i.OSTimeDly) for OSTimeDly
    main.o(i.led2_task) refers to uart.o(i.Uart1Putc) for Uart1Putc
    main.o(i.led3_task) refers to uart.o(i.Uart1Getc) for Uart1Getc
    main.o(i.led3_task) refers to os_time.o(i.OSTimeDly) for OSTimeDly
    main.o(i.led3_task) refers to uart.o(i.Uart1Putc) for Uart1Putc
    main.o(i.main) refers to gpio.o(i.bit_set) for bit_set
    main.o(i.main) refers to uart.o(i.uart0init) for uart0init
    main.o(i.main) refers to os_core.o(i.OSInit) for OSInit
    main.o(i.main) refers to os_task.o(i.OSTaskCreate) for OSTaskCreate
    main.o(i.main) refers to os_core.o(i.OSStart) for OSStart
    main.o(i.main) refers to main.o(.bss) for startup_task_stk
    main.o(i.main) refers to main.o(i.startup_task) for startup_task
    main.o(i.startup_task) refers to os_cpu_c_keil.o(i.OS_CPU_SysTickInit) for OS_CPU_SysTickInit
    main.o(i.startup_task) refers to os_core.o(i.OSStatInit) for OSStatInit
    main.o(i.startup_task) refers to os_cpu_a_keil.o(.text) for OS_CPU_SR_Save
    main.o(i.startup_task) refers to os_task.o(i.OSTaskCreate) for OSTaskCreate
    main.o(i.startup_task) refers to os_task.o(i.OSTaskSuspend) for OSTaskSuspend
    main.o(i.startup_task) refers to main.o(.bss) for LED1_TASK_STK
    main.o(i.startup_task) refers to main.o(i.led1_task) for led1_task
    main.o(i.startup_task) refers to main.o(i.led2_task) for led2_task
    main.o(i.startup_task) refers to main.o(i.led3_task) for led3_task
    main.o(.data) refers to main.o(.conststring) for .conststring
    ds18b20.o(i.ds18b20init) refers to gpio.o(i.bit_set) for bit_set
    ds18b20.o(i.ds18b20init) refers to systick.o(i.delay_us) for delay_us
    ds18b20.o(i.ds18b20rd) refers to gpio.o(i.bit_set) for bit_set
    ds18b20.o(i.ds18b20rd) refers to systick.o(i.delay_us) for delay_us
    ds18b20.o(i.ds18b20wr) refers to gpio.o(i.bit_set) for bit_set
    ds18b20.o(i.ds18b20wr) refers to systick.o(i.delay_us) for delay_us
    ds18b20.o(i.readtemp) refers to ds18b20.o(i.ds18b20init) for ds18b20init
    ds18b20.o(i.readtemp) refers to ds18b20.o(i.ds18b20wr) for ds18b20wr
    ds18b20.o(i.readtemp) refers to systick.o(i.delay_ms) for delay_ms
    ds18b20.o(i.readtemp) refers to ds18b20.o(i.ds18b20rd) for ds18b20rd
    ds18b20.o(i.readtemp) refers to dflt_clz.o(x$fpl$dfltu) for __aeabi_ui2d
    ds18b20.o(i.readtemp) refers to dmul.o(x$fpl$dmul) for __aeabi_dmul
    syn6288.o(i.PrintCom) refers to uart.o(i.Uart1Putc) for Uart1Putc
    syn6288.o(i.SYN_FrameInfo) refers to rt_memclr_w.o(.text) for __aeabi_memclr4
    syn6288.o(i.SYN_FrameInfo) refers to strlen.o(.text) for strlen
    syn6288.o(i.SYN_FrameInfo) refers to rt_memcpy_v6.o(.text) for __aeabi_memcpy
    syn6288.o(i.SYN_FrameInfo) refers to syn6288.o(i.PrintCom) for PrintCom
    syn6288.o(i.SYN_FrameInfo) refers to syn6288.o(.constdata) for .constdata
    drive.o(i.OLED_InitReg) refers to drive.o(i.OLED_WriteReg) for OLED_WriteReg
    drive.o(i.OLED_SetContrast) refers to drive.o(i.OLED_WriteReg) for OLED_WriteReg
    drive.o(i.OLED_SetCursor) refers to drive.o(i.OLED_WriteReg) for OLED_WriteReg
    drive.o(i.OLED_WriteData) refers to gpio.o(i.IIC_Start) for IIC_Start
    drive.o(i.OLED_WriteData) refers to gpio.o(i.IIC_Send_Byte) for IIC_Send_Byte
    drive.o(i.OLED_WriteReg) refers to gpio.o(i.IIC_Start) for IIC_Start
    drive.o(i.OLED_WriteReg) refers to gpio.o(i.IIC_Send_Byte) for IIC_Send_Byte
    drive.o(i.clear_screen) refers to drive.o(i.OLED_WriteReg) for OLED_WriteReg
    drive.o(i.clear_screen) refers to drive.o(i.OLED_WriteData) for OLED_WriteData
    drive.o(i.disp) refers to drive.o(i.OLED_SetCursor) for OLED_SetCursor
    drive.o(i.disp) refers to drive.o(i.transfer_col_data) for transfer_col_data
    drive.o(i.disp) refers to drive.o(.constdata) for Chinese_code_16x16
    drive.o(i.disp_string_8x16_16x16) refers to drive.o(i.display_string_16x16) for display_string_16x16
    drive.o(i.disp_string_8x16_16x16) refers to drive.o(i.display_string_8x16) for display_string_8x16
    drive.o(i.display_string_16x16) refers to drive.o(i.OLED_SetCursor) for OLED_SetCursor
    drive.o(i.display_string_16x16) refers to systick.o(i.delay_us) for delay_us
    drive.o(i.display_string_16x16) refers to drive.o(i.transfer_col_data) for transfer_col_data
    drive.o(i.display_string_16x16) refers to drive.o(.constdata) for Chinese_text_16x16
[...]
    os_task.o(i.OSTaskResume) refers to os_core.o(.data) for OSRdyGrp
    os_task.o(i.OSTaskStkChk) refers to os_cpu_a_keil.o(.text) for OS_CPU_SR_Save
    os_task.o(i.OSTaskStkChk) refers to os_core.o(.data) for OSTCBCur
    os_task.o(i.OSTaskStkChk) refers to os_core.o(.bss) for OSTCBPrioTbl
    os_task.o(i.OSTaskSuspend) refers to os_cpu_a_keil.o(.text) for OS_CPU_SR_Save
    os_task.o(i.OSTaskSuspend) refers to os_core.o(i.OS_Sched) for OS_Sched
    os_task.o(i.OSTaskSuspend) refers to os_core.o(.data) for OSTCBCur
    os_task.o(i.OSTaskSuspend) refers to os_core.o(.bss) for OSTCBPrioTbl
    os_time.o(i.OSTimeDly) refers to os_cpu_a_keil.o(.text) for OS_CPU_SR_Save
    os_time.o(i.OSTimeDly) refers to os_core.o(i.OS_Sched) for OS_Sched
    os_time.o(i.OSTimeDly) refers to os_core.o(.data) for OSIntNesting
    os_time.o(i.OSTimeDlyHMSM) refers to os_time.o(i.OSTimeDly) for OSTimeDly
    os_time.o(i.OSTimeDlyHMSM) refers to os_core.o(.data) for OSIntNesting
    os_time.o(i.OSTimeDlyResume) refers to os_cpu_a_keil.o(.text) for OS_CPU_SR_Save
    os_time.o(i.OSTimeDlyResume) refers to os_core.o(i.OS_Sched) for OS_Sched
    os_time.o(i.OSTimeDlyResume) refers to os_core.o(.bss) for OSTCBPrioTbl
    os_time.o(i.OSTimeDlyResume) refers to os_core.o(.data) for OSRdyGrp
    os_time.o(i.OSTimeGet) refers to os_cpu_a_keil.o(.text) for OS_CPU_SR_Save
    os_time.o(i.OSTimeGet) refers to os_core.o(.data) for OSTime
    os_time.o(i.OSTimeSet) refers to os_cpu_a_keil.o(.text) for OS_CPU_SR_Save
    os_time.o(i.OSTimeSet) refers to os_core.o(.data) for OSTime
    os_cpu_a_keil.o(.text) refers to os_core.o(.data) for OSRunning
    os_cpu_a_keil.o(.text) refers to os_cpu_c_keil.o(i.OSTaskSwHook) for OSTaskSwHook
    os_cpu_c_keil.o(i.OS_CPU_SysTickHandler) refers to os_cpu_a_keil.o(.text) for OS_CPU_SR_Save
    os_cpu_c_keil.o(i.OS_CPU_SysTickHandler) refers to os_core.o(i.OSTimeTick) for OSTimeTick
    os_cpu_c_keil.o(i.OS_CPU_SysTickHandler) refers to os_core.o(i.OSIntExit) for OSIntExit
    os_cpu_c_keil.o(i.OS_CPU_SysTickHandler) refers to os_core.o(.data) for OSIntNesting
    os_cpu_c_keil.o(i.OS_CPU_SysTickInit) refers to main.o(i.OS_CPU_SysTickClkFreq) for OS_CPU_SysTickClkFreq
    os_dbg_keil.o(i.OSDebugInit) refers to os_dbg_keil.o(.constdata) for OSDebugEn
    rt_memcpy_v6.o(.text) refers to rt_memcpy_w.o(.text) for __aeabi_memcpy4
    __main.o(!!!main) refers to __rtentry.o(.ARM.Collect$$rtentry$$00000000) for __rt_entry
    d2f.o(x$fpl$d2f) refers (Special) to usenofp.o(x$fpl$usenofp) for __I$use$fp
    d2f.o(x$fpl$d2f) refers to fretinf.o(x$fpl$fretinf) for __fpl_fretinf
    d2f.o(x$fpl$d2f) refers to dnaninf.o(x$fpl$dnaninf) for __fpl_dnaninf
    daddsub_clz.o(x$fpl$dadd) refers (Special) to usenofp.o(x$fpl$usenofp) for __I$use$fp
    daddsub_clz.o(x$fpl$dadd) refers to daddsub_clz.o(x$fpl$dsub) for _dsub1
    daddsub_clz.o(x$fpl$dadd) refers to dretinf.o(x$fpl$dretinf) for __fpl_dretinf
    daddsub_clz.o(x$fpl$dadd) refers to dnaninf.o(x$fpl$dnaninf) for __fpl_dnaninf
    daddsub_clz.o(x$fpl$drsb) refers (Special) to usenofp.o(x$fpl$usenofp) for __I$use$fp
    daddsub_clz.o(x$fpl$drsb) refers to daddsub_clz.o(x$fpl$dadd) for _dadd1
    daddsub_clz.o(x$fpl$drsb) refers to daddsub_clz.o(x$fpl$dsub) for _dsub1
    daddsub_clz.o(x$fpl$dsub) refers (Special) to usenofp.o(x$fpl$usenofp) for __I$use$fp
    daddsub_clz.o(x$fpl$dsub) refers to daddsub_clz.o(x$fpl$dadd) for _dadd1
    daddsub_clz.o(x$fpl$dsub) refers to dnaninf.o(x$fpl$dnaninf) for __fpl_dnaninf
    ddiv.o(x$fpl$drdiv) refers (Special) to usenofp.o(x$fpl$usenofp) for __I$use$fp
    ddiv.o(x$fpl$drdiv) refers to ddiv.o(x$fpl$ddiv) for ddiv_entry
    ddiv.o(x$fpl$ddiv) refers (Special) to usenofp.o(x$fpl$usenofp) for __I$use$fp
    ddiv.o(x$fpl$ddiv) refers to dretinf.o(x$fpl$dretinf) for __fpl_dretinf
    ddiv.o(x$fpl$ddiv) refers to dnaninf.o(x$fpl$dnaninf) for __fpl_dnaninf
    dfix.o(x$fpl$dfix) refers (Special) to usenofp.o(x$fpl$usenofp) for __I$use$fp
    dfix.o(x$fpl$dfix) refers to dnaninf.o(x$fpl$dnaninf) for __fpl_dnaninf
    dfix.o(x$fpl$dfixr) refers (Special) to usenofp.o(x$fpl$usenofp) for __I$use$fp
    dfix.o(x$fpl$dfixr) refers to dnaninf.o(x$fpl$dnaninf) for __fpl_dnaninf
    dflt_clz.o(x$fpl$dfltu) refers (Special) to usenofp.o(x$fpl$usenofp) for __I$use$fp
    dflt_clz.o(x$fpl$dflt) refers (Special) to usenofp.o(x$fpl$usenofp) for __I$use$fp
    dflt_clz.o(x$fpl$dfltn) refers (Special) to usenofp.o(x$fpl$usenofp) for __I$use$fp
    dmul.o(x$fpl$dmul) refers (Special) to usenofp.o(x$fpl$usenofp) for __I$use$fp
    dmul.o(x$fpl$dmul) refers to dretinf.o(x$fpl$dretinf) for __fpl_dretinf
    dmul.o(x$fpl$dmul) refers to dnaninf.o(x$fpl$dnaninf) for __fpl_dnaninf
    pow.o(i.__softfp_pow) refers (Special) to usenofp.o(x$fpl$usenofp) for __I$use$fp
    pow.o(i.__softfp_pow) refers to pow.o(i.pow) for pow
    pow.o(i.pow) refers (Special) to usenofp.o(x$fpl$usenofp) for __I$use$fp
    pow.o(i.pow) refers to dunder.o(i.__mathlib_dbl_infnan2) for __mathlib_dbl_infnan2
    pow.o(i.pow) refers to _rserrno.o(.text) for __set_errno
    pow.o(i.pow) refers to dunder.o(i.__mathlib_dbl_divzero) for __mathlib_dbl_divzero
    pow.o(i.pow) refers to ddiv.o(x$fpl$ddiv) for __aeabi_ddiv
    pow.o(i.pow) refers to sqrt.o(i.sqrt) for sqrt
    pow.o(i.pow) refers to dmul.o(x$fpl$dmul) for __aeabi_dmul
    pow.o(i.pow) refers to dflt_clz.o(x$fpl$dflt) for __aeabi_i2d
    pow.o(i.pow) refers to dunder.o(i.__mathlib_dbl_invalid) for __mathlib_dbl_invalid
    pow.o(i.pow) refers to dunder.o(i.__mathlib_dbl_overflow) for __mathlib_dbl_overflow
    pow.o(i.pow) refers to dunder.o(i.__mathlib_dbl_underflow) for __mathlib_dbl_underflow
    pow.o(i.pow) refers to daddsub_clz.o(x$fpl$dsub) for __aeabi_dsub
    pow.o(i.pow) refers to scalbn.o(x$fpl$scalbn) for __ARM_scalbn
    pow.o(i.pow) refers to daddsub_clz.o(x$fpl$drsb) for __aeabi_drsub
    pow.o(i.pow) refers to daddsub_clz.o(x$fpl$dadd) for __aeabi_dadd
    pow.o(i.pow) refers to qnan.o(.constdata) for __mathlib_zero
    pow.o(i.pow) refers to poly.o(i.__kernel_poly) for __kernel_poly
    pow.o(i.pow) refers to drleqf.o(x$fpl$drleqf) for __aeabi_cdrcmple
    pow.o(i.pow) refers to pow.o(.constdata) for .constdata
    pow.o(i.pow) refers to fpclassify.o(i.__ARM_fpclassify) for __ARM_fpclassify
    pow.o(.constdata) refers (Special) to usenofp.o(x$fpl$usenofp) for __I$use$fp
    pow_x.o(i.____softfp_pow$lsc) refers (Special) to usenofp.o(x$fpl$usenofp) for __I$use$fp
    pow_x.o(i.____softfp_pow$lsc) refers to pow_x.o(i.__pow$lsc) for __pow$lsc
    pow_x.o(i.__pow$lsc) refers (Special) to usenofp.o(x$fpl$usenofp) for __I$use$fp
    pow_x.o(i.__pow$lsc) refers to dunder.o(i.__mathlib_dbl_infnan2) for __mathlib_dbl_infnan2
    pow_x.o(i.__pow$lsc) refers to _rserrno.o(.text) for __set_errno
    pow_x.o(i.__pow$lsc) refers to ddiv.o(x$fpl$ddiv) for __aeabi_ddiv
    pow_x.o(i.__pow$lsc) refers to sqrt.o(i.sqrt) for sqrt
    pow_x.o(i.__pow$lsc) refers to dmul.o(x$fpl$dmul) for __aeabi_dmul
    pow_x.o(i.__pow$lsc) refers to dflt_clz.o(x$fpl$dflt) for __aeabi_i2d
    pow_x.o(i.__pow$lsc) refers to daddsub_clz.o(x$fpl$dsub) for __aeabi_dsub
    pow_x.o(i.__pow$lsc) refers to scalbn.o(x$fpl$scalbn) for __ARM_scalbn
    pow_x.o(i.__pow$lsc) refers to daddsub_clz.o(x$fpl$drsb) for __aeabi_drsub
    pow_x.o(i.__pow$lsc) refers to daddsub_clz.o(x$fpl$dadd) for __aeabi_dadd
    pow_x.o(i.__pow$lsc) refers to qnan.o(.constdata) for __mathlib_zero
    pow_x.o(i.__pow$lsc) refers to poly.o(i.__kernel_poly) for __kernel_poly
    pow_x.o(i.__pow$lsc) refers to drleqf.o(x$fpl$drleqf) for __aeabi_cdrcmple
    pow_x.o(i.__pow$lsc) refers to pow_x.o(.constdata) for .constdata
    pow_x.o(.constdata) refers (Special) to usenofp.o(x$fpl$usenofp) for __I$use$fp
    __rtentry.o(.ARM.Collect$$rtentry$$00000000) refers (Special) to __rtentry2.o(.ARM.Collect$$rtentry$$0000000A) for __rt_entry_li
    __rtentry.o(.ARM.Collect$$rtentry$$00000000) refers (Special) to __rtentry2.o(.ARM.Collect$$rtentry$$0000000D) for __rt_entry_main
    __rtentry.o(.ARM.Collect$$rtentry$$00000000) refers (Special) to __rtentry2.o(.ARM.Collect$$rtentry$$0000000C) for __rt_entry_postli_1
    __rtentry.o(.ARM.Collect$$rtentry$$00000000) refers (Special) to __rtentry2.o(.ARM.Collect$$rtentry$$00000009) for __rt_entry_postsh_1
    __rtentry.o(.ARM.Collect$$rtentry$$00000000) refers (Special) to __rtentry2.o(.ARM.Collect$$rtentry$$00000002) for __rt_entry_presh_1
    __rtentry.o(.ARM.Collect$$rtentry$$00000000) refers (Special) to __rtentry4.o(.ARM.Collect$$rtentry$$00000004) for __rt_entry_sh
    _rserrno.o(.text) refers to rt_errno_addr_intlibspace.o(.text) for __aeabi_errno_addr
    dnaninf.o(x$fpl$dnaninf) refers (Special) to usenofp.o(x$fpl$usenofp) for __I$use$fp
    dretinf.o(x$fpl$dretinf) refers (Special) to usenofp.o(x$fpl$usenofp) for __I$use$fp
    drleqf.o(x$fpl$drleqf) refers (Special) to usenofp.o(x$fpl$usenofp) for __I$use$fp
    drleqf.o(x$fpl$drleqf) refers to dleqf.o(x$fpl$dleqf) for __fpl_dcmple_InfNaN
    fretinf.o(x$fpl$fretinf) refers (Special) to usenofp.o(x$fpl$usenofp) for __I$use$fp
    scalbn.o(x$fpl$scalbn) refers (Special) to usenofp.o(x$fpl$usenofp) for __I$use$fp
    scalbn.o(x$fpl$scalbn) refers to dcheck1.o(x$fpl$dcheck1) for __fpl_dcheck_NaN1
    dunder.o(i.__mathlib_dbl_divzero) refers to ddiv.o(x$fpl$ddiv) for __aeabi_ddiv
    dunder.o(i.__mathlib_dbl_infnan) refers to scalbn.o(x$fpl$scalbn) for __ARM_scalbn
    dunder.o(i.__mathlib_dbl_infnan2) refers to daddsub_clz.o(x$fpl$dadd) for __aeabi_dadd
    dunder.o(i.__mathlib_dbl_invalid) refers to ddiv.o(x$fpl$ddiv) for __aeabi_ddiv
    dunder.o(i.__mathlib_dbl_overflow) refers to scalbn.o(x$fpl$scalbn) for __ARM_scalbn
    dunder.o(i.__mathlib_dbl_posinfnan) refers to dmul.o(x$fpl$dmul) for __aeabi_dmul
    dunder.o(i.__mathlib_dbl_underflow) refers to scalbn.o(x$fpl$scalbn) for __ARM_scalbn
    fpclassify.o(i.__ARM_fpclassify) refers (Special) to usenofp.o(x$fpl$usenofp) for __I$use$fp
    poly.o(i.__kernel_poly) refers (Special) to usenofp.o(x$fpl$usenofp) for __I$use$fp
    poly.o(i.__kernel_poly) refers to dmul.o(x$fpl$dmul) for __aeabi_dmul
    poly.o(i.__kernel_poly) refers to daddsub_clz.o(x$fpl$dadd) for __aeabi_dadd
    qnan.o(.constdata) refers (Special) to usenofp.o(x$fpl$usenofp) for __I$use$fp
    sqrt.o(i.__softfp_sqrt) refers (Special) to usenofp.o(x$fpl$usenofp) for __I$use$fp
    sqrt.o(i.__softfp_sqrt) refers to dsqrt_noumaal.o(x$fpl$dsqrt) for _dsqrt
    sqrt.o(i.__softfp_sqrt) refers to _rserrno.o(.text) for __set_errno
    sqrt.o(i.sqrt) refers (Special) to usenofp.o(x$fpl$usenofp) for __I$use$fp
    sqrt.o(i.sqrt) refers to dsqrt_noumaal.o(x$fpl$dsqrt) for _dsqrt
    sqrt.o(i.sqrt) refers to _rserrno.o(.text) for __set_errno
    sqrt_x.o(i.____softfp_sqrt$lsc) refers (Special) to usenofp.o(x$fpl$usenofp) for __I$use$fp
    sqrt_x.o(i.____softfp_sqrt$lsc) refers to dleqf.o(x$fpl$dleqf) for __aeabi_cdcmple
    sqrt_x.o(i.____softfp_sqrt$lsc) refers to _rserrno.o(.text) for __set_errno
    sqrt_x.o(i.____softfp_sqrt$lsc) refers to dsqrt_noumaal.o(x$fpl$dsqrt) for _dsqrt
    sqrt_x.o(i.__sqrt$lsc) refers (Special) to usenofp.o(x$fpl$usenofp) for __I$use$fp
    sqrt_x.o(i.__sqrt$lsc) refers to dleqf.o(x$fpl$dleqf) for __aeabi_cdcmple
    sqrt_x.o(i.__sqrt$lsc) refers to _rserrno.o(.text) for __set_errno
    sqrt_x.o(i.__sqrt$lsc) refers to dsqrt_noumaal.o(x$fpl$dsqrt) for _dsqrt
    __rtentry2.o(.ARM.Collect$$rtentry$$00000008) refers to boardinit2.o(.text) for _platform_post_stackheap_init
    __rtentry2.o(.ARM.Collect$$rtentry$$0000000A) refers to libinit.o(.ARM.Collect$$libinit$$00000000) for __rt_lib_init
    __rtentry2.o(.ARM.Collect$$rtentry$$0000000B) refers to boardinit3.o(.text) for _platform_post_lib_init
    __rtentry2.o(.ARM.Collect$$rtentry$$0000000D) refers to main.o(i.main) for main
    __rtentry2.o(.ARM.Collect$$rtentry$$0000000D) refers to exit.o(.text) for exit
    __rtentry2.o(.ARM.exidx) refers to __rtentry2.o(.ARM.Collect$$rtentry$$00000001) for .ARM.Collect$$rtentry$$00000001
    __rtentry2.o(.ARM.exidx) refers to __rtentry2.o(.ARM.Collect$$rtentry$$00000008) for .ARM.Collect$$rtentry$$00000008
    __rtentry2.o(.ARM.exidx) refers to __rtentry2.o(.ARM.Collect$$rtentry$$0000000A) for .ARM.Collect$$rtentry$$0000000A
    __rtentry2.o(.ARM.exidx) refers to __rtentry2.o(.ARM.Collect$$rtentry$$0000000B) for .ARM.Collect$$rtentry$$0000000B
    __rtentry2.o(.ARM.exidx) refers to __rtentry2.o(.ARM.Collect$$rtentry$$0000000D) for .ARM.Collect$$rtentry$$0000000D
    __rtentry4.o(.ARM.Collect$$rtentry$$00000004) refers to sys_stackheap_outer.o(.text) for __user_setup_stackheap
    __rtentry4.o(.ARM.exidx) refers to __rtentry4.o(.ARM.Collect$$rtentry$$00000004) for .ARM.Collect$$rtentry$$00000004
    rt_errno_addr.o(.text) refers to rt_errno_addr.o(.bss) for __aeabi_errno_addr_data
    rt_errno_addr_intlibspace.o(.text) refers to libspace.o(.bss) for __libspace_start
    dcheck1.o(x$fpl$dcheck1) refers (Special) to usenofp.o(x$fpl$usenofp) for __I$use$fp
    dcheck1.o(x$fpl$dcheck1) refers to retnan.o(x$fpl$retnan) for __fpl_return_NaN
    dleqf.o(x$fpl$dleqf) refers (Special) to usenofp.o(x$fpl$usenofp) for __I$use$fp
    dleqf.o(x$fpl$dleqf) refers to dnaninf.o(x$fpl$dnaninf) for __fpl_dnaninf
    dleqf.o(x$fpl$dleqf) refers to dcmpi.o(x$fpl$dcmpinf) for __fpl_dcmp_Inf
    dsqrt_noumaal.o(x$fpl$dsqrt) refers (Special) to usenofp.o(x$fpl$usenofp) for __I$use$fp
    dsqrt_noumaal.o(x$fpl$dsqrt) refers to dnaninf.o(x$fpl$dnaninf) for __fpl_dnaninf
    libspace.o(.text) refers to libspace.o(.bss) for __libspace_start
    sys_stackheap_outer.o(.text) refers to libspace.o(.text) for __user_perproc_libspace
    sys_stackheap_outer.o(.text) refers to armsoc.o(.text) for __user_initial_stackheap
    exit.o(.text) refers to rtexit.o(.ARM.Collect$$rtexit$$00000000) for __rt_exit
    libinit.o(.ARM.Collect$$libinit$$00000000) refers (Special) to libinit2.o(.ARM.Collect$$libinit$$0000002E) for __rt_lib_init_alloca_1
    libinit.o(.ARM.Collect$$libinit$$00000000) refers (Special) to libinit2.o(.ARM.Collect$$libinit$$0000002C) for __rt_lib_init_argv_1
    libinit.o(.ARM.Collect$$libinit$$00000000) refers (Special) to libinit2.o(.ARM.Collect$$libinit$$0000001B) for __rt_lib_init_atexit_1
    libinit.o(.ARM.Collect$$libinit$$00000000) refers (Special) to libinit2.o(.ARM.Collect$$libinit$$00000021) for __rt_lib_init_clock_1
    libinit.o(.ARM.Collect$$libinit$$00000000) refers (Special) to libinit2.o(.ARM.Collect$$libinit$$00000032) for __rt_lib_init_cpp_1
    libinit.o(.ARM.Collect$$libinit$$00000000) refers (Special) to libinit2.o(.ARM.Collect$$libinit$$00000030) for __rt_lib_init_exceptions_1
    libinit.o(.ARM.Collect$$libinit$$00000000) refers (Special) to libinit2.o(.ARM.Collect$$libinit$$00000002) for __rt_lib_init_fp_1
    libinit.o(.ARM.Collect$$libinit$$00000000) refers (Special) to libinit2.o(.ARM.Collect$$libinit$$0000001F) for __rt_lib_init_fp_trap_1
    libinit.o(.ARM.Collect$$libinit$$00000000) refers (Special) to libinit2.o(.ARM.Collect$$libinit$$00000023) for __rt_lib_init_getenv_1
    libinit.o(.ARM.Collect$$libinit$$00000000) refers (Special) to libinit2.o(.ARM.Collect$$libinit$$0000000A) for __rt_lib_init_heap_1
    libinit.o(.ARM.Collect$$libinit$$00000000) refers (Special) to libinit2.o(.ARM.Collect$$libinit$$00000011) for __rt_lib_init_lc_collate_1
    libinit.o(.ARM.Collect$$libinit$$00000000) refers (Special) to libinit2.o(.ARM.Collect$$libinit$$00000013) for __rt_lib_init_lc_ctype_1
    libinit.o(.ARM.Collect$$libinit$$00000000) refers (Special) to libinit2.o(.ARM.Collect$$libinit$$00000015) for __rt_lib_init_lc_monetary_1
    libinit.o(.ARM.Collect$$libinit$$00000000) refers (Special) to libinit2.o(.ARM.Collect$$libinit$$00000017) for __rt_lib_init_lc_numeric_1
    libinit.o(.ARM.Collect$$libinit$$00000000) refers (Special) to libinit2.o(.ARM.Collect$$libinit$$00000019) for __rt_lib_init_lc_time_1
    libinit.o(.ARM.Collect$$libinit$$00000000) refers (Special) to libinit2.o(.ARM.Collect$$libinit$$00000004) for __rt_lib_init_preinit_1
    libinit.o(.ARM.Collect$$libinit$$00000000) refers (Special) to libinit2.o(.ARM.Collect$$libinit$$0000000E) for __rt_lib_init_rand_1
    libinit.o(.ARM.Collect$$libinit$$00000000) refers (Special) to libinit2.o(.ARM.Collect$$libinit$$00000033) for __rt_lib_init_return
    libinit.o(.ARM.Collect$$libinit$$00000000) refers (Special) to libinit2.o(.ARM.Collect$$libinit$$0000001D) for __rt_lib_init_signal_1
    libinit.o(.ARM.Collect$$libinit$$00000000) refers (Special) to libinit2.o(.ARM.Collect$$libinit$$00000025) for __rt_lib_init_stdio_1
    libinit.o(.ARM.Collect$$libinit$$00000000) refers (Special) to libinit2.o(.ARM.Collect$$libinit$$0000000C) for __rt_lib_init_user_alloc_1
    dcmpi.o(x$fpl$dcmpinf) refers (Special) to usenofp.o(x$fpl$usenofp) for __I$use$fp
    retnan.o(x$fpl$retnan) refers (Special) to usenofp.o(x$fpl$usenofp) for __I$use$fp
    retnan.o(x$fpl$retnan) refers to trapv.o(x$fpl$trapveneer) for __fpl_cmpreturn
    rtexit.o(.ARM.Collect$$rtexit$$00000000) refers (Special) to rtexit2.o(.ARM.Collect$$rtexit$$00000004) for __rt_exit_exit
    rtexit.o(.ARM.Collect$$rtexit$$00000000) refers (Special) to rtexit2.o(.ARM.Collect$$rtexit$$00000003) for __rt_exit_ls
    rtexit.o(.ARM.Collect$$rtexit$$00000000) refers (Special) to rtexit2.o(.ARM.Collect$$rtexit$$00000002) for __rt_exit_prels_1
    rtexit.o(.ARM.exidx) refers (Special) to rtexit2.o(.ARM.Collect$$rtexit$$00000004) for __rt_exit_exit
    rtexit.o(.ARM.exidx) refers (Special) to rtexit2.o(.ARM.Collect$$rtexit$$00000003) for __rt_exit_ls
    rtexit.o(.ARM.exidx) refers (Special) to rtexit2.o(.ARM.Collect$$rtexit$$00000002) for __rt_exit_prels_1
    rtexit.o(.ARM.exidx) refers to rtexit.o(.ARM.Collect$$rtexit$$00000000) for .ARM.Collect$$rtexit$$00000000
    libinit2.o(.ARM.Collect$$libinit$$00000010) refers to libinit2.o(.ARM.Collect$$libinit$$0000000F) for .ARM.Collect$$libinit$$0000000F
    libinit2.o(.ARM.Collect$$libinit$$00000012) refers to libinit2.o(.ARM.Collect$$libinit$$0000000F) for .ARM.Collect$$libinit$$0000000F
    libinit2.o(.ARM.Collect$$libinit$$00000014) refers to libinit2.o(.ARM.Collect$$libinit$$0000000F) for .ARM.Collect$$libinit$$0000000F
    libinit2.o(.ARM.Collect$$libinit$$00000016) refers to libinit2.o(.ARM.Collect$$libinit$$0000000F) for .ARM.Collect$$libinit$$0000000F
    libinit2.o(.ARM.Collect$$libinit$$00000018) refers to libinit2.o(.ARM.Collect$$libinit$$0000000F) for .ARM.Collect$$libinit$$0000000F
    libinit2.o(.ARM.Collect$$libinit$$00000026) refers to argv_veneer.o(.emb_text) for __ARM_argv_veneer
    libinit2.o(.ARM.Collect$$libinit$$00000027) refers to argv_veneer.o(.emb_text) for __ARM_argv_veneer
    trapv.o(x$fpl$trapveneer) refers (Special) to usenofp.o(x$fpl$usenofp) for __I$use$fp
    rtexit2.o(.ARM.Collect$$rtexit$$00000003) refers to libshutdown.o(.ARM.Collect$$libshutdown$$00000000) for __rt_lib_shutdown
    rtexit2.o(.ARM.Collect$$rtexit$$00000004) refers to sys_exit.o(.text) for _sys_exit
    rtexit2.o(.ARM.exidx) refers to rtexit2.o(.ARM.Collect$$rtexit$$00000001) for .ARM.Collect$$rtexit$$00000001
    rtexit2.o(.ARM.exidx) refers to rtexit2.o(.ARM.Collect$$rtexit$$00000003) for .ARM.Collect$$rtexit$$00000003
    rtexit2.o(.ARM.exidx) refers to rtexit2.o(.ARM.Collect$$rtexit$$00000004) for .ARM.Collect$$rtexit$$00000004
    argv_veneer.o(.emb_text) refers to no_argv.o(.text) for __ARM_get_argv
    sys_exit.o(.text) refers (Special) to use_no_semi.o(.text) for __I$use$semihosting
    sys_exit.o(.text) refers (Special) to indicate_semi.o(.text) for __semihosting_library_function
    _get_argv_nomalloc.o(.text) refers (Special) to hrguard.o(.text) for __heap_region$guard
    _get_argv_nomalloc.o(.text) refers to defsig_rtmem_outer.o(.text) for __rt_SIGRTMEM
    _get_argv_nomalloc.o(.text) refers to sys_command.o(.text) for _sys_command_string
    libshutdown.o(.ARM.Collect$$libshutdown$$00000000) refers (Special) to libshutdown2.o(.ARM.Collect$$libshutdown$$00000002) for __rt_lib_shutdown_cpp_1
    libshutdown.o(.ARM.Collect$$libshutdown$$00000000) refers (Special) to libshutdown2.o(.ARM.Collect$$libshutdown$$00000007) for __rt_lib_shutdown_fp_trap_1
    libshutdown.o(.ARM.Collect$$libshutdown$$00000000) refers (Special) to libshutdown2.o(.ARM.Collect$$libshutdown$$0000000F) for __rt_lib_shutdown_heap_1
    libshutdown.o(.ARM.Collect$$libshutdown$$00000000) refers (Special) to libshutdown2.o(.ARM.Collect$$libshutdown$$00000010) for __rt_lib_shutdown_return
    libshutdown.o(.ARM.Collect$$libshutdown$$00000000) refers (Special) to libshutdown2.o(.ARM.Collect$$libshutdown$$0000000A) for __rt_lib_shutdown_signal_1
    libshutdown.o(.ARM.Collect$$libshutdown$$00000000) refers (Special) to libshutdown2.o(.ARM.Collect$$libshutdown$$00000004) for __rt_lib_shutdown_stdio_1
    libshutdown.o(.ARM.Collect$$libshutdown$$00000000) refers (Special) to libshutdown2.o(.ARM.Collect$$libshutdown$$0000000C) for __rt_lib_shutdown_user_alloc_1
    sys_command.o(.text) refers (Special) to use_no_semi.o(.text) for __I$use$semihosting
    sys_command.o(.text) refers (Special) to indicate_semi.o(.text) for __semihosting_library_function
    defsig_rtmem_outer.o(.text) refers to defsig_rtmem_inner.o(.text) for __rt_SIGRTMEM_inner
    defsig_rtmem_outer.o(.text) refers to defsig_exit.o(.text) for __sig_exit
    defsig_rtmem_formal.o(.text) refers to rt_raise.o(.text) for __rt_raise
    rt_raise.o(.text) refers to __raise.o(.text) for __raise
    rt_raise.o(.text) refers to sys_exit.o(.text) for _sys_exit
    defsig_exit.o(.text) refers to sys_exit.o(.text) for _sys_exit
    defsig_rtmem_inner.o(.text) refers to defsig_general.o(.text) for __default_signal_display
    __raise.o(.text) refers to defsig.o(CL$$defsig) for __default_signal_handler
    defsig_general.o(.text) refers to sys_wrch.o(.text) for _ttywrch
    sys_wrch.o(.text) refers (Special) to use_no_semi.o(.text) for __I$use$semihosting
    sys_wrch.o(.text) refers (Special) to indicate_semi.o(.text) for __semihosting_library_function
    defsig.o(CL$$defsig) refers to defsig_rtmem_inner.o(.text) for __rt_SIGRTMEM_inner
    defsig_abrt_inner.o(.text) refers to defsig_general.o(.text) for __default_signal_display
    defsig_fpe_inner.o(.text) refers to defsig_general.o(.text) for __default_signal_display
    defsig_rtred_inner.o(.text) refers to defsig_general.o(.text) for __default_signal_display
    defsig_stak_inner.o(.text) refers to defsig_general.o(.text) for __default_signal_display
    defsig_pvfn_inner.o(.text) refers to defsig_general.o(.text) for __default_signal_display
    defsig_cppl_inner.o(.text) refers to defsig_general.o(.text) for __default_signal_display
    defsig_segv_inner.o(.text) refers to defsig_general.o(.text) for __default_signal_display
    defsig_other.o(.text) refers to defsig_general.o(.text) for __default_signal_display


==============================================================================

Removing Unused input sections from the image.

    Removing main.o(.rev16_text), (4 bytes).
    Removing main.o(.revsh_text), (4 bytes).
    Removing main.o(.conststring), (1 bytes).
    Removing main.o(.data), (36 bytes).
    Removing ds18b20.o(.rev16_text), (4 bytes).
    Removing ds18b20.o(.revsh_text), (4 bytes).
    Removing ds18b20.o(i.ds18b20init), (56 bytes).
    Removing ds18b20.o(i.ds18b20rd), (92 bytes).
    Removing ds18b20.o(i.ds18b20wr), (96 bytes).
    Removing ds18b20.o(i.readtemp), (148 bytes).
    Removing syn6288.o(.rev16_text), (4 bytes).
    Removing syn6288.o(.revsh_text), (4 bytes).
    Removing syn6288.o(i.PrintCom), (28 bytes).
    Removing syn6288.o(i.SYN_FrameInfo), (136 bytes).
    Removing syn6288.o(.constdata), (4 bytes).
    Removing syn6288.o(.data), (25 bytes).
    Removing drive.o(.rev16_text), (4 bytes).
    Removing drive.o(.revsh_text), (4 bytes).
    Removing drive.o(i.OLED_InitReg), (184 bytes).
    Removing drive.o(i.OLED_SetContrast), (18 bytes).
    Removing drive.o(i.OLED_SetCursor), (46 bytes).
    Removing drive.o(i.OLED_WriteData), (28 bytes).
    Removing drive.o(i.OLED_WriteReg), (28 bytes).
    Removing drive.o(i.clear_screen), (66 bytes).
    Removing drive.o(i.disp), (72 bytes).
    Removing drive.o(i.disp_string_8x16_16x16), (98 bytes).
    Removing drive.o(i.display_string_16x16), (228 bytes).
    Removing drive.o(i.display_string_8x16), (172 bytes).
    Removing drive.o(i.put1), (216 bytes).
    Removing drive.o(i.put2), (216 bytes).
    Removing drive.o(i.put3), (32 bytes).
    Removing drive.o(i.put4), (32 bytes).
    Removing drive.o(i.put5), (28 bytes).
    Removing drive.o(i.put6), (28 bytes).
    Removing drive.o(i.transfer_col_data), (102 bytes).
    Removing drive.o(i.transfer_col_data2), (118 bytes).
    Removing drive.o(.constdata), (785 bytes).
    Removing gpio.o(.rev16_text), (4 bytes).
    Removing gpio.o(.revsh_text), (4 bytes).
    Removing gpio.o(i.IIC_Send_Byte), (148 bytes).
    Removing gpio.o(i.IIC_Start), (80 bytes).
    Removing gpio.o(i.IIC_Stop), (80 bytes).
    Removing gpio.o(i.IIC_Wait_Ack), (124 bytes).
    Removing gpio.o(i.gpioint), (40 bytes).
    Removing systick.o(.rev16_text), (4 bytes).
    Removing systick.o(.revsh_text), (4 bytes).
    Removing systick.o(i.delay_ms), (56 bytes).
    Removing systick.o(i.delay_us), (58 bytes).
    Removing systick.o(.data), (4 bytes).
    Removing uart.o(.rev16_text), (4 bytes).
    Removing uart.o(.revsh_text), (4 bytes).
    Removing uart.o(i.Uart0GetLine), (68 bytes).
    Removing uart.o(i.Uart0Getc), (32 bytes).
    Removing uart.o(i.Uart0Getstr), (64 bytes).
    Removing uart.o(i.Uart0Putc), (24 bytes).
    Removing uart.o(i.Uart1GetLine), (64 bytes).
    Removing uart.o(i.Uart2GetLine), (64 bytes).
    Removing uart.o(i.Uart2Getc), (32 bytes).
    Removing uart.o(i.Uart2Putc), (24 bytes).
    Removing uart.o(i.mstrtof), (428 bytes).
    Removing uart.o(i.toDouble), (212 bytes).
    Removing uart.o(i.uart1init), (20 bytes).
    Removing uart.o(i.uart2init), (20 bytes).
    Removing os_core.o(i.OSEventNameGet), (104 bytes).
    Removing os_core.o(i.OSEventNameSet), (124 bytes).
    Removing os_core.o(i.OSEventPendMulti), (600 bytes).
    Removing os_core.o(i.OSIntEnter), (36 bytes).
    Removing os_core.o(i.OSSchedLock), (64 bytes).
    Removing os_core.o(i.OSSchedUnlock), (96 bytes).
    Removing os_core.o(i.OSVersion), (6 bytes).
    Removing os_core.o(i.OS_Dummy), (2 bytes).
    Removing os_core.o(i.OS_EventTaskRdy), (144 bytes).
    Removing os_core.o(i.OS_EventTaskRemove), (42 bytes).
    Removing os_core.o(i.OS_EventTaskRemoveMulti), (58 bytes).
    Removing os_core.o(i.OS_EventTaskWait), (124 bytes).
    Removing os_core.o(i.OS_EventTaskWaitMulti), (148 bytes).
    Removing os_core.o(i.OS_EventWaitListInit), (28 bytes).
    Removing os_core.o(i.OS_MemCopy), (20 bytes).
    Removing os_flag.o(i.OSFlagAccept), (252 bytes).
    Removing os_flag.o(i.OSFlagCreate), (100 bytes).
    Removing os_flag.o(i.OSFlagDel), (232 bytes).
    Removing os_flag.o(i.OSFlagNameGet), (88 bytes).
    Removing os_flag.o(i.OSFlagNameSet), (108 bytes).
    Removing os_flag.o(i.OSFlagPend), (600 bytes).
    Removing os_flag.o(i.OSFlagPendGetFlagsRdy), (32 bytes).
    Removing os_flag.o(i.OSFlagPost), (312 bytes).
    Removing os_flag.o(i.OSFlagQuery), (48 bytes).
    Removing os_flag.o(i.OS_FlagBlock), (164 bytes).
    Removing os_flag.o(i.OS_FlagTaskRdy), (92 bytes).
    Removing os_flag.o(i.OS_FlagUnlink), (36 bytes).
    Removing os_mbox.o(i.OSMboxAccept), (38 bytes).
    Removing os_mbox.o(i.OSMboxCreate), (88 bytes).
    Removing os_mbox.o(i.OSMboxDel), (228 bytes).
    Removing os_mbox.o(i.OSMboxPend), (268 bytes).
    Removing os_mbox.o(i.OSMboxPendAbort), (128 bytes).
    Removing os_mbox.o(i.OSMboxPost), (80 bytes).
    Removing os_mbox.o(i.OSMboxPostOpt), (120 bytes).
    Removing os_mbox.o(i.OSMboxQuery), (76 bytes).
    Removing os_sem.o(i.OSSemAccept), (44 bytes).
    Removing os_sem.o(i.OSSemCreate), (88 bytes).
    Removing os_sem.o(i.OSSemDel), (228 bytes).
    Removing os_sem.o(i.OSSemPend), (248 bytes).
    Removing os_sem.o(i.OSSemPendAbort), (128 bytes).
    Removing os_sem.o(i.OSSemPost), (88 bytes).
    Removing os_sem.o(i.OSSemQuery), (82 bytes).
    Removing os_sem.o(i.OSSemSet), (68 bytes).
    Removing os_task.o(i.OSTaskChangePrio), (416 bytes).
    Removing os_task.o(i.OSTaskDel), (360 bytes).
    Removing os_task.o(i.OSTaskDelReq), (108 bytes).
    Removing os_task.o(i.OSTaskNameGet), (128 bytes).
    Removing os_task.o(i.OSTaskQuery), (92 bytes).
    Removing os_task.o(i.OSTaskResume), (172 bytes).
    Removing os_time.o(i.OSTimeDlyHMSM), (112 bytes).
    Removing os_time.o(i.OSTimeDlyResume), (180 bytes).
    Removing os_time.o(i.OSTimeGet), (28 bytes).
    Removing os_time.o(i.OSTimeSet), (28 bytes).
    Removing os_cpu_c_keil.o(i.OSTaskDelHook), (2 bytes).

117 unused section(s) (total 12103 bytes) removed from the image.

==============================================================================

Image Symbol Table

    Local Symbols

    Symbol Name                              Value     Ov Type        Size  Object(Section)

    RESET                                    0x00000000   Section      128  armsoc.o(RESET)
    ../clib/angel/boardlib.s                 0x00000000   Number         0  boardshut.o ABSOLUTE
    ../clib/angel/boardlib.s                 0x00000000   Number         0  boardinit2.o ABSOLUTE
    ../clib/angel/boardlib.s                 0x00000000   Number         0  boardinit3.o ABSOLUTE
    ../clib/angel/boardlib.s                 0x00000000   Number         0  boardinit1.o ABSOLUTE
    ../clib/angel/handlers.s                 0x00000000   Number         0  __scatter_zi.o ABSOLUTE
    ../clib/angel/handlers.s                 0x00000000   Number         0  __scatter_copy.o ABSOLUTE
    ../clib/angel/kernel.s                   0x00000000   Number         0  rtexit2.o ABSOLUTE
    ../clib/angel/kernel.s                   0x00000000   Number         0  __rtentry.o ABSOLUTE
    ../clib/angel/kernel.s                   0x00000000   Number         0  rtexit.o ABSOLUTE
    ../clib/angel/kernel.s                   0x00000000   Number         0  __rtentry2.o ABSOLUTE
    ../clib/angel/kernel.s                   0x00000000   Number         0  __rtentry4.o ABSOLUTE
    ../clib/angel/rt.s                       0x00000000   Number         0  rt_errno_addr.o ABSOLUTE
    ../clib/angel/rt.s                       0x00000000   Number         0  rt_errno_addr_intlibspace.o ABSOLUTE
    ../clib/angel/rt.s                       0x00000000   Number         0  rt_raise.o ABSOLUTE
    ../clib/angel/scatter.s                  0x00000000   Number         0  __scatter.o ABSOLUTE
    ../clib/angel/startup.s                  0x00000000   Number         0  __main.o ABSOLUTE
    ../clib/angel/sys.s                      0x00000000   Number         0  use_no_semi.o ABSOLUTE
    ../clib/angel/sys.s                      0x00000000   Number         0  indicate_semi.o ABSOLUTE
    ../clib/angel/sys.s                      0x00000000   Number         0  libspace.o ABSOLUTE
    ../clib/angel/sys.s                      0x00000000   Number         0  sys_stackheap_outer.o ABSOLUTE
    ../clib/angel/sysapp.c                   0x00000000   Number         0  sys_exit.o ABSOLUTE
    ../clib/angel/sysapp.c                   0x00000000   Number         0  sys_wrch.o ABSOLUTE
    ../clib/angel/sysapp.c                   0x00000000   Number         0  sys_command.o ABSOLUTE
    ../clib/armsys.c                         0x00000000   Number         0  argv_veneer.o ABSOLUTE
    ../clib/armsys.c                         0x00000000   Number         0  argv_veneer.o ABSOLUTE
    ../clib/armsys.c                         0x00000000   Number         0  _get_argv_nomalloc.o ABSOLUTE
    ../clib/armsys.c                         0x00000000   Number         0  no_argv.o ABSOLUTE
    ../clib/fenv.c                           0x00000000   Number         0  _rserrno.o ABSOLUTE
    ../clib/heapalloc.c                      0x00000000   Number         0  hrguard.o ABSOLUTE
    ../clib/heapaux.c                        0x00000000   Number         0  heapauxi.o ABSOLUTE
    ../clib/libinit.s                        0x00000000   Number         0  libinit2.o ABSOLUTE
    ../clib/libinit.s                        0x00000000   Number         0  libinit.o ABSOLUTE
    ../clib/libinit.s                        0x00000000   Number         0  libshutdown2.o ABSOLUTE
    ../clib/libinit.s                        0x00000000   Number         0  libshutdown.o ABSOLUTE
    ../clib/memcpset.s                       0x00000000   Number         0  rt_memcpy_w.o ABSOLUTE
    ../clib/memcpset.s                       0x00000000   Number         0  rt_memcpy_v6.o ABSOLUTE
    ../clib/memcpset.s                       0x00000000   Number         0  rt_memclr_w.o ABSOLUTE
    ../clib/signal.c                         0x00000000   Number         0  defsig_rtmem_outer.o ABSOLUTE
    ../clib/signal.c                         0x00000000   Number         0  defsig_other.o ABSOLUTE
    ../clib/signal.c                         0x00000000   Number         0  defsig_segv_inner.o ABSOLUTE
    ../clib/signal.c                         0x00000000   Number         0  defsig_cppl_inner.o ABSOLUTE
    ../clib/signal.c                         0x00000000   Number         0  defsig_pvfn_inner.o ABSOLUTE
    ../clib/signal.c                         0x00000000   Number         0  defsig_stak_inner.o ABSOLUTE
    ../clib/signal.c                         0x00000000   Number         0  defsig_fpe_inner.o ABSOLUTE
    ../clib/signal.c                         0x00000000   Number         0  defsig_abrt_inner.o ABSOLUTE
    ../clib/signal.c                         0x00000000   Number         0  defsig_rtmem_formal.o ABSOLUTE
    ../clib/signal.c                         0x00000000   Number         0  defsig_exit.o ABSOLUTE
    ../clib/signal.c                         0x00000000   Number         0  defsig_rtmem_inner.o ABSOLUTE
    ../clib/signal.c                         0x00000000   Number         0  __raise.o ABSOLUTE
    ../clib/signal.c                         0x00000000   Number         0  defsig_general.o ABSOLUTE
    ../clib/signal.c                         0x00000000   Number         0  defsig_rtred_inner.o ABSOLUTE
    ../clib/signal.s                         0x00000000   Number         0  defsig.o ABSOLUTE
    ../clib/stdlib.c                         0x00000000   Number         0  exit.o ABSOLUTE
    ../clib/string.c                         0x00000000   Number         0  strcat.o ABSOLUTE
    ../clib/string.c                         0x00000000   Number         0  strlen.o ABSOLUTE
    ../clib/string.c                         0x00000000   Number         0  strcpy.o ABSOLUTE
    ../fplib/d2f.s                           0x00000000   Number         0  d2f.o ABSOLUTE
    ../fplib/daddsub.s                       0x00000000   Number         0  daddsub_clz.o ABSOLUTE
    ../fplib/dcheck1.s                       0x00000000   Number         0  dcheck1.o ABSOLUTE
    ../fplib/dcmpi.s                         0x00000000   Number         0  dcmpi.o ABSOLUTE
    ../fplib/ddiv.s                          0x00000000   Number         0  ddiv.o ABSOLUTE
    ../fplib/dfix.s                          0x00000000   Number         0  dfix.o ABSOLUTE
    ../fplib/dflt.s                          0x00000000   Number         0  dflt_clz.o ABSOLUTE
    ../fplib/dleqf.s                         0x00000000   Number         0  dleqf.o ABSOLUTE
    ../fplib/dmul.s                          0x00000000   Number         0  dmul.o ABSOLUTE
    ../fplib/dnaninf.s                       0x00000000   Number         0  dnaninf.o ABSOLUTE
    ../fplib/dretinf.s                       0x00000000   Number         0  dretinf.o ABSOLUTE
    ../fplib/drleqf.s                        0x00000000   Number         0  drleqf.o ABSOLUTE
    ../fplib/dsqrt.s                         0x00000000   Number         0  dsqrt_noumaal.o ABSOLUTE
    ../fplib/fpinit.s                        0x00000000   Number         0  fpinit.o ABSOLUTE
    ../fplib/fretinf.s                       0x00000000   Number         0  fretinf.o ABSOLUTE
    ../fplib/retnan.s                        0x00000000   Number         0  retnan.o ABSOLUTE
    ../fplib/scalbn.s                        0x00000000   Number         0  scalbn.o ABSOLUTE
    ../fplib/trapv.s                         0x00000000   Number         0  trapv.o ABSOLUTE
    ../fplib/usenofp.s                       0x00000000   Number         0  usenofp.o ABSOLUTE
    ../mathlib/dunder.c                      0x00000000   Number         0  dunder.o ABSOLUTE
    ../mathlib/fpclassify.c                  0x00000000   Number         0  fpclassify.o ABSOLUTE
    ../mathlib/poly.c                        0x00000000   Number         0  poly.o ABSOLUTE
    ../mathlib/pow.c                         0x00000000   Number         0  pow_x.o ABSOLUTE
    ../mathlib/pow.c                         0x00000000   Number         0  pow.o ABSOLUTE
    ../mathlib/qnan.c                        0x00000000   Number         0  qnan.o ABSOLUTE
    ../mathlib/sqrt.c                        0x00000000   Number         0  sqrt_x.o ABSOLUTE
    ../mathlib/sqrt.c                        0x00000000   Number         0  sqrt.o ABSOLUTE
    OLED\\drive.c                            0x00000000   Number         0  drive.o ABSOLUTE
    OLED\drive.c                             0x00000000   Number         0  drive.o ABSOLUTE
    TTS\SYN6288.C                            0x00000000   Number         0  syn6288.o ABSOLUTE
    TTS\\SYN6288.C                           0x00000000   Number         0  syn6288.o ABSOLUTE
    dc.s                                     0x00000000   Number         0  dc.o ABSOLUTE
    src\ARMSOC.s                             0x00000000   Number         0  armsoc.o ABSOLUTE
    src\UART.c                               0x00000000   Number         0  uart.o ABSOLUTE
    src\\UART.c                              0x00000000   Number         0  uart.o ABSOLUTE
    src\\ds18b20.c                           0x00000000   Number         0  ds18b20.o ABSOLUTE
    src\\gpio.c                              0x00000000   Number         0  gpio.o ABSOLUTE
    src\\main.c                              0x00000000   Number         0  main.o ABSOLUTE
    src\\systick.c                           0x00000000   Number         0  systick.o ABSOLUTE
    src\ds18b20.c                            0x00000000   Number         0  ds18b20.o ABSOLUTE
    src\gpio.c                               0x00000000   Number         0  gpio.o ABSOLUTE
    src\main.c                               0x00000000   Number         0  main.o ABSOLUTE
    src\systick.c                            0x00000000   Number         0  systick.o ABSOLUTE
    ucosii\port\os_cpu_a_keil.asm            0x00000000   Number         0  os_cpu_a_keil.o ABSOLUTE
    ucosii\port\os_cpu_c_keil.c              0x00000000   Number         0  os_cpu_c_keil.o ABSOLUTE
    ucosii\port\os_dbg_keil.c                0x00000000   Number         0  os_dbg_keil.o ABSOLUTE
    ucosii\source\os_core.c                  0x00000000   Number         0  os_core.o ABSOLUTE
    ucosii\source\os_flag.c                  0x00000000   Number         0  os_flag.o ABSOLUTE
    ucosii\source\os_mbox.c                  0x00000000   Number         0  os_mbox.o ABSOLUTE
    ucosii\source\os_mem.c                   0x00000000   Number         0  os_mem.o ABSOLUTE
    ucosii\source\os_mutex.c                 0x00000000   Number         0  os_mutex.o ABSOLUTE
    ucosii\source\os_q.c                     0x00000000   Number         0  os_q.o ABSOLUTE
    ucosii\source\os_sem.c                   0x00000000   Number         0  os_sem.o ABSOLUTE
    ucosii\source\os_task.c                  0x00000000   Number         0  os_task.o ABSOLUTE
    ucosii\source\os_time.c                  0x00000000   Number         0  os_time.o ABSOLUTE
    ucosii\source\os_tmr.c                   0x00000000   Number         0  os_tmr.o ABSOLUTE
    !!!main                                  0x00000080   Section        8  __main.o(!!!main)
    !!!scatter                               0x00000088   Section       52  __scatter.o(!!!scatter)
    !!handler_copy                           0x000000bc   Section       26  __scatter_copy.o(!!handler_copy)
    !!handler_zi                             0x000000d8   Section       28  __scatter_zi.o(!!handler_zi)
    .ARM.Collect$$libinit$$00000000          0x000000f4   Section        2  libinit.o(.ARM.Collect$$libinit$$00000000)
    .ARM.Collect$$libinit$$00000002          0x000000f6   Section        0  libinit2.o(.ARM.Collect$$libinit$$00000002)
    .ARM.Collect$$libinit$$00000004          0x000000f6   Section        0  libinit2.o(.ARM.Collect$$libinit$$00000004)
    .ARM.Collect$$libinit$$0000000A          0x000000f6   Section        0  libinit2.o(.ARM.Collect$$libinit$$0000000A)
    .ARM.Collect$$libinit$$0000000C          0x000000f6   Section        0  libinit2.o(.ARM.Collect$$libinit$$0000000C)
    .ARM.Collect$$libinit$$0000000E          0x000000f6   Section        0  libinit2.o(.ARM.Collect$$libinit$$0000000E)
    .ARM.Collect$$libinit$$00000011          0x000000f6   Section        0  libinit2.o(.ARM.Collect$$libinit$$00000011)
    .ARM.Collect$$libinit$$00000013          0x000000f6   Section        0  libinit2.o(.ARM.Collect$$libinit$$00000013)
    .ARM.Collect$$libinit$$00000015          0x000000f6   Section        0  libinit2.o(.ARM.Collect$$libinit$$00000015)
    .ARM.Collect$$libinit$$00000017          0x000000f6   Section        0  libinit2.o(.ARM.Collect$$libinit$$00000017)
    .ARM.Collect$$libinit$$00000019          0x000000f6   Section        0  libinit2.o(.ARM.Collect$$libinit$$00000019)
    .ARM.Collect$$libinit$$0000001B          0x000000f6   Section        0  libinit2.o(.ARM.Collect$$libinit$$0000001B)
    .ARM.Collect$$libinit$$0000001D          0x000000f6   Section        0  libinit2.o(.ARM.Collect$$libinit$$0000001D)
    .ARM.Collect$$libinit$$0000001F          0x000000f6   Section        0  libinit2.o(.ARM.Collect$$libinit$$0000001F)
    .ARM.Collect$$libinit$$00000021          0x000000f6   Section        0  libinit2.o(.ARM.Collect$$libinit$$00000021)
    .ARM.Collect$$libinit$$00000023          0x000000f6   Section        0  libinit2.o(.ARM.Collect$$libinit$$00000023)
    .ARM.Collect$$libinit$$00000025          0x000000f6   Section        0  libinit2.o(.ARM.Collect$$libinit$$00000025)
    .ARM.Collect$$libinit$$0000002C          0x000000f6   Section        0  libinit2.o(.ARM.Collect$$libinit$$0000002C)
    .ARM.Collect$$libinit$$0000002E          0x000000f6   Section        0  libinit2.o(.ARM.Collect$$libinit$$0000002E)
    .ARM.Collect$$libinit$$00000030          0x000000f6   Section        0  libinit2.o(.ARM.Collect$$libinit$$00000030)
    .ARM.Collect$$libinit$$00000032          0x000000f6   Section        0  libinit2.o(.ARM.Collect$$libinit$$00000032)
    .ARM.Collect$$libinit$$00000033          0x000000f6   Section        2  libinit2.o(.ARM.Collect$$libinit$$00000033)
    .ARM.Collect$$libshutdown$$00000000      0x000000f8   Section        2  libshutdown.o(.ARM.Collect$$libshutdown$$00000000)
    .ARM.Collect$$libshutdown$$00000002      0x000000fa   Section        0  libshutdown2.o(.ARM.Collect$$libshutdown$$00000002)
    .ARM.Collect$$libshutdown$$00000004      0x000000fa   Section        0  libshutdown2.o(.ARM.Collect$$libshutdown$$00000004)
    .ARM.Collect$$libshutdown$$00000007      0x000000fa   Section        0  libshutdown2.o(.ARM.Collect$$libshutdown$$00000007)
    .ARM.Collect$$libshutdown$$0000000A      0x000000fa   Section        0  libshutdown2.o(.ARM.Collect$$libshutdown$$0000000A)
    .ARM.Collect$$libshutdown$$0000000C      0x000000fa   Section        0  libshutdown2.o(.ARM.Collect$$libshutdown$$0000000C)
    .ARM.Collect$$libshutdown$$0000000F      0x000000fa   Section        0  libshutdown2.o(.ARM.Collect$$libshutdown$$0000000F)
    .ARM.Collect$$libshutdown$$00000010      0x000000fa   Section        2  libshutdown2.o(.ARM.Collect$$libshutdown$$00000010)
    .ARM.Collect$$rtentry$$00000000          0x000000fc   Section        0  __rtentry.o(.ARM.Collect$$rtentry$$00000000)
    .ARM.Collect$$rtentry$$00000002          0x000000fc   Section        0  __rtentry2.o(.ARM.Collect$$rtentry$$00000002)
    .ARM.Collect$$rtentry$$00000004          0x000000fc   Section        6  __rtentry4.o(.ARM.Collect$$rtentry$$00000004)
    .ARM.Collect$$rtentry$$00000009          0x00000102   Section        0  __rtentry2.o(.ARM.Collect$$rtentry$$00000009)
    .ARM.Collect$$rtentry$$0000000A          0x00000102   Section        4  __rtentry2.o(.ARM.Collect$$rtentry$$0000000A)
    .ARM.Collect$$rtentry$$0000000C          0x00000106   Section        0  __rtentry2.o(.ARM.Collect$$rtentry$$0000000C)
    .ARM.Collect$$rtentry$$0000000D          0x00000106   Section        8  __rtentry2.o(.ARM.Collect$$rtentry$$0000000D)
    .ARM.Collect$$rtexit$$00000000           0x0000010e   Section        2  rtexit.o(.ARM.Collect$$rtexit$$00000000)
    .ARM.Collect$$rtexit$$00000002           0x00000110   Section        0  rtexit2.o(.ARM.Collect$$rtexit$$00000002)
    .ARM.Collect$$rtexit$$00000003           0x00000110   Section        4  rtexit2.o(.ARM.Collect$$rtexit$$00000003)
    .ARM.Collect$$rtexit$$00000004           0x00000114   Section        6  rtexit2.o(.ARM.Collect$$rtexit$$00000004)
    .text                                    0x0000011c   Section       40  armsoc.o(.text)
    .text                                    0x00000144   Section      164  os_cpu_a_keil.o(.text)
    .text                                    0x000001e8   Section        0  heapauxi.o(.text)
    .text                                    0x000001f0   Section        8  libspace.o(.text)
    .text                                    0x000001f8   Section       74  sys_stackheap_outer.o(.text)
    .text                                    0x00000242   Section        0  exit.o(.text)
    .text                                    0x00000254   Section        0  sys_exit.o(.text)
    .text                                    0x00000260   Section        2  use_no_semi.o(.text)
    .text                                    0x00000262   Section        0  indicate_semi.o(.text)
    i.BSP_CPU_ClkFreq                        0x00000264   Section        0  main.o(i.BSP_CPU_ClkFreq)
    i.OSDebugInit                            0x0000026c   Section        0  os_dbg_keil.o(i.OSDebugInit)
    i.OSInit                                 0x00000380   Section        0  os_core.o(i.OSInit)
    i.OSInitHookBegin                        0x000003ac   Section        0  os_cpu_c_keil.o(i.OSInitHookBegin)
    i.OSInitHookEnd                          0x000003ae   Section        0  os_cpu_c_keil.o(i.OSInitHookEnd)
    i.OSIntExit                              0x000003b0   Section        0  os_core.o(i.OSIntExit)
    i.OSStart                                0x00000440   Section        0  os_core.o(i.OSStart)
    i.OSStatInit                             0x00000488   Section        0  os_core.o(i.OSStatInit)
    i.OSTCBInitHook                          0x000004d4   Section        0  os_cpu_c_keil.o(i.OSTCBInitHook)
    i.OSTaskCreate                           0x000004d8   Section        0  os_task.o(i.OSTaskCreate)
    i.OSTaskCreateExt                        0x0000057c   Section        0  os_task.o(i.OSTaskCreateExt)
    i.OSTaskCreateHook                       0x00000634   Section        0  os_cpu_c_keil.o(i.OSTaskCreateHook)
    i.OSTaskIdleHook                         0x00000636   Section        0  os_cpu_c_keil.o(i.OSTaskIdleHook)
    i.OSTaskNameSet                          0x00000638   Section        0  os_task.o(i.OSTaskNameSet)
    i.OSTaskStatHook                         0x000006c8   Section        0  os_cpu_c_keil.o(i.OSTaskStatHook)
    i.OSTaskStkChk                           0x000006cc   Section        0  os_task.o(i.OSTaskStkChk)
    i.OSTaskStkInit                          0x00000758   Section        0  os_cpu_c_keil.o(i.OSTaskStkInit)
    i.OSTaskSuspend                          0x000007f4   Section        0  os_task.o(i.OSTaskSuspend)
    i.OSTaskSwHook                           0x0000089c   Section        0  os_cpu_c_keil.o(i.OSTaskSwHook)
    i.OSTimeDly                              0x000008a0   Section        0  os_time.o(i.OSTimeDly)
    i.OSTimeTick                             0x00000910   Section        0  os_core.o(i.OSTimeTick)
    i.OSTimeTickHook                         0x000009fc   Section        0  os_cpu_c_keil.o(i.OSTimeTickHook)
    i.OS_CPU_SysTickClkFreq                  0x000009fe   Section        0  main.o(i.OS_CPU_SysTickClkFreq)
    i.OS_CPU_SysTickHandler                  0x00000a0c   Section        0  os_cpu_c_keil.o(i.OS_CPU_SysTickHandler)
    i.OS_CPU_SysTickInit                     0x00000a34   Section        0  os_cpu_c_keil.o(i.OS_CPU_SysTickInit)
    i.OS_FlagInit                            0x00000a60   Section        0  os_flag.o(i.OS_FlagInit)
    i.OS_InitEventList                       0x00000aac   Section        0  os_core.o(i.OS_InitEventList)
    OS_InitEventList                         0x00000aad   Thumb Code    70  os_core.o(i.OS_InitEventList)
    i.OS_InitMisc                            0x00000afc   Section        0  os_core.o(i.OS_InitMisc)
    OS_InitMisc                              0x00000afd   Thumb Code    44  os_core.o(i.OS_InitMisc)
    i.OS_InitRdyList                         0x00000b50   Section        0  os_core.o(i.OS_InitRdyList)
    OS_InitRdyList                           0x00000b51   Thumb Code    46  os_core.o(i.OS_InitRdyList)
    i.OS_InitTCBList                         0x00000b98   Section        0  os_core.o(i.OS_InitTCBList)
    OS_InitTCBList                           0x00000b99   Thumb Code    86  os_core.o(i.OS_InitTCBList)
    i.OS_InitTaskIdle                        0x00000c00   Section        0  os_core.o(i.OS_InitTaskIdle)
    OS_InitTaskIdle                          0x00000c01   Thumb Code    50  os_core.o(i.OS_InitTaskIdle)
    i.OS_InitTaskStat                        0x00000c50   Section        0  os_core.o(i.OS_InitTaskStat)
    OS_InitTaskStat                          0x00000c51   Thumb Code    50  os_core.o(i.OS_InitTaskStat)
    i.OS_MemClr                              0x00000ca0   Section        0  os_core.o(i.OS_MemClr)
    i.OS_Sched                               0x00000cb4   Section        0  os_core.o(i.OS_Sched)
    i.OS_SchedNew                            0x00000d28   Section        0  os_core.o(i.OS_SchedNew)
    OS_SchedNew                              0x00000d29   Thumb Code    26  os_core.o(i.OS_SchedNew)
    i.OS_StrCopy                             0x00000d54   Section        0  os_core.o(i.OS_StrCopy)
    i.OS_StrLen                              0x00000d70   Section        0  os_core.o(i.OS_StrLen)
    i.OS_TCBInit                             0x00000d84   Section        0  os_core.o(i.OS_TCBInit)
    i.OS_TaskIdle                            0x00000ea4   Section        0  os_core.o(i.OS_TaskIdle)
    i.OS_TaskStat                            0x00000ec8   Section        0  os_core.o(i.OS_TaskStat)
    i.OS_TaskStatStkChk                      0x00000f50   Section        0  os_core.o(i.OS_TaskStatStkChk)
    i.OS_TaskStkClr                          0x00000f8c   Section        0  os_task.o(i.OS_TaskStkClr)
    i.Uart1Getc                              0x00000fa8   Section        0  uart.o(i.Uart1Getc)
    i.Uart1Putc                              0x00000fc8   Section        0  uart.o(i.Uart1Putc)
    i.bit_read                               0x00000fe0   Section        0  gpio.o(i.bit_read)
    i.bit_set                                0x00000ff6   Section        0  gpio.o(i.bit_set)
    i.led1_task                              0x00001018   Section        0  main.o(i.led1_task)
    i.led2_task                              0x00001074   Section        0  main.o(i.led2_task)
    i.led3_task                              0x0000109c   Section        0  main.o(i.led3_task)
    i.main                                   0x000010c4   Section        0  main.o(i.main)
    i.startup_task                           0x000010f8   Section        0  main.o(i.startup_task)
    startup_task                             0x000010f9   Thumb Code    70  main.o(i.startup_task)
    i.uart0init                              0x00001158   Section        0  uart.o(i.uart0init)
    .constdata                               0x00001168   Section      256  os_core.o(.constdata)
    .constdata                               0x00001268   Section       94  os_dbg_keil.o(.constdata)
    .data                                    0x20004000   Section       64  os_core.o(.data)
    .bss                                     0x20004040   Section     1040  main.o(.bss)
    .bss                                     0x20004450   Section     3636  os_core.o(.bss)
    .bss                                     0x20005284   Section       96  libspace.o(.bss)
    HEAP                                     0x200052e8   Section     4096  armsoc.o(HEAP)
    Heap_Mem                                 0x200052e8   Data        4096  armsoc.o(HEAP)
    STACK                                    0x200062e8   Section     4096  armsoc.o(STACK)
    Stack_Mem                                0x200062e8   Data        4096  armsoc.o(STACK)
    __initial_sp                             0x200072e8   Data           0  armsoc.o(STACK)

    Global Symbols

    Symbol Name                              Value     Ov Type        Size  Object(Section)

    BuildAttributes$$THM_ISAv4$P$D$K$B$S$PE$A:L22UL41UL21$X:L11$S22US41US21$IEEE1$IW$USESV6$~STKCKD$USESV7$~SHL$OTIME$ROPI$IEEEX$EBA8$UX$STANDARDLIB$REQ8$PRES8$EABIv2 0x00000000   Number         0  anon$$obj.o ABSOLUTE
    __ARM_use_no_argv                        0x00000000   Number         0  main.o ABSOLUTE
    __Vectors                                0x00000000   Data           4  armsoc.o(RESET)
    __ARM_exceptions_init                     - Undefined Weak Reference
    __alloca_initialize                       - Undefined Weak Reference
    __arm_preinit_                            - Undefined Weak Reference
    __cpp_initialize__aeabi_                  - Undefined Weak Reference
    __cxa_finalize                            - Undefined Weak Reference
    __rt_locale                               - Undefined Weak Reference
    __sigvec_lookup                           - Undefined Weak Reference
    _atexit_init                              - Undefined Weak Reference
    _call_atexit_fns                          - Undefined Weak Reference
    _clock_init                               - Undefined Weak Reference
    _fp_trap_init                             - Undefined Weak Reference
    _fp_trap_shutdown                         - Undefined Weak Reference
    _get_lc_collate                           - Undefined Weak Reference
    _get_lc_ctype                             - Undefined Weak Reference
    _get_lc_monetary                          - Undefined Weak Reference
    _get_lc_numeric                           - Undefined Weak Reference
    _get_lc_time                              - Undefined Weak Reference
    _getenv_init                              - Undefined Weak Reference
    _handle_redirection                       - Undefined Weak Reference
    _init_alloc                               - Undefined Weak Reference
    _init_user_alloc                          - Undefined Weak Reference
    _initio                                   - Undefined Weak Reference
    _rand_init                                - Undefined Weak Reference
    _signal_finish                            - Undefined Weak Reference
    _signal_init                              - Undefined Weak Reference
    _terminate_alloc                          - Undefined Weak Reference
    _terminate_user_alloc                     - Undefined Weak Reference
    _terminateio                              - Undefined Weak Reference
    __main                                   0x00000081   Thumb Code     8  __main.o(!!!main)
    __scatterload                            0x00000089   Thumb Code     0  __scatter.o(!!!scatter)
    __scatterload_rt2                        0x00000089   Thumb Code    44  __scatter.o(!!!scatter)
    __scatterload_rt2_thumb_only             0x00000089   Thumb Code     0  __scatter.o(!!!scatter)
    __scatterload_null                       0x00000097   Thumb Code     0  __scatter.o(!!!scatter)
    __scatterload_copy                       0x000000bd   Thumb Code    26  __scatter_copy.o(!!handler_copy)
    __scatterload_zeroinit                   0x000000d9   Thumb Code    28  __scatter_zi.o(!!handler_zi)
    __rt_lib_init                            0x000000f5   Thumb Code     0  libinit.o(.ARM.Collect$$libinit$$00000000)
    __rt_lib_init_alloca_1                   0x000000f7   Thumb Code     0  libinit2.o(.ARM.Collect$$libinit$$0000002E)
    __rt_lib_init_argv_1                     0x000000f7   Thumb Code     0  libinit2.o(.ARM.Collect$$libinit$$0000002C)
    __rt_lib_init_atexit_1                   0x000000f7   Thumb Code     0  libinit2.o(.ARM.Collect$$libinit$$0000001B)
    __rt_lib_init_clock_1                    0x000000f7   Thumb Code     0  libinit2.o(.ARM.Collect$$libinit$$00000021)
    __rt_lib_init_cpp_1                      0x000000f7   Thumb Code     0  libinit2.o(.ARM.Collect$$libinit$$00000032)
    __rt_lib_init_exceptions_1               0x000000f7   Thumb Code     0  libinit2.o(.ARM.Collect$$libinit$$00000030)
    __rt_lib_init_fp_1                       0x000000f7   Thumb Code     0  libinit2.o(.ARM.Collect$$libinit$$00000002)
    __rt_lib_init_fp_trap_1                  0x000000f7   Thumb Code     0  libinit2.o(.ARM.Collect$$libinit$$0000001F)
    __rt_lib_init_getenv_1                   0x000000f7   Thumb Code     0  libinit2.o(.ARM.Collect$$libinit$$00000023)
    __rt_lib_init_heap_1                     0x000000f7   Thumb Code     0  libinit2.o(.ARM.Collect$$libinit$$0000000A)
    __rt_lib_init_lc_collate_1               0x000000f7   Thumb Code     0  libinit2.o(.ARM.Collect$$libinit$$00000011)
    __rt_lib_init_lc_ctype_1                 0x000000f7   Thumb Code     0  libinit2.o(.ARM.Collect$$libinit$$00000013)
    __rt_lib_init_lc_monetary_1              0x000000f7   Thumb Code     0  libinit2.o(.ARM.Collect$$libinit$$00000015)
    __rt_lib_init_lc_numeric_1               0x000000f7   Thumb Code     0  libinit2.o(.ARM.Collect$$libinit$$00000017)
    __rt_lib_init_lc_time_1                  0x000000f7   Thumb Code     0  libinit2.o(.ARM.Collect$$libinit$$00000019)
    __rt_lib_init_preinit_1                  0x000000f7   Thumb Code     0  libinit2.o(.ARM.Collect$$libinit$$00000004)
    __rt_lib_init_rand_1                     0x000000f7   Thumb Code     0  libinit2.o(.ARM.Collect$$libinit$$0000000E)
    __rt_lib_init_return                     0x000000f7   Thumb Code     0  libinit2.o(.ARM.Collect$$libinit$$00000033)
    __rt_lib_init_signal_1                   0x000000f7   Thumb Code     0  libinit2.o(.ARM.Collect$$libinit$$0000001D)
    __rt_lib_init_stdio_1                    0x000000f7   Thumb Code     0  libinit2.o(.ARM.Collect$$libinit$$00000025)
    __rt_lib_init_user_alloc_1               0x000000f7   Thumb Code     0  libinit2.o(.ARM.Collect$$libinit$$0000000C)
    __rt_lib_shutdown                        0x000000f9   Thumb Code     0  libshutdown.o(.ARM.Collect$$libshutdown$$00000000)
    __rt_lib_shutdown_cpp_1                  0x000000fb   Thumb Code     0  libshutdown2.o(.ARM.Collect$$libshutdown$$00000002)
    __rt_lib_shutdown_fp_trap_1              0x000000fb   Thumb Code     0  libshutdown2.o(.ARM.Collect$$libshutdown$$00000007)
    __rt_lib_shutdown_heap_1                 0x000000fb   Thumb Code     0  libshutdown2.o(.ARM.Collect$$libshutdown$$0000000F)
    __rt_lib_shutdown_return                 0x000000fb   Thumb Code     0  libshutdown2.o(.ARM.Collect$$libshutdown$$00000010)
    __rt_lib_shutdown_signal_1               0x000000fb   Thumb Code     0  libshutdown2.o(.ARM.Collect$$libshutdown$$0000000A)
    __rt_lib_shutdown_stdio_1                0x000000fb   Thumb Code     0  libshutdown2.o(.ARM.Collect$$libshutdown$$00000004)
    __rt_lib_shutdown_user_alloc_1           0x000000fb   Thumb Code     0  libshutdown2.o(.ARM.Collect$$libshutdown$$0000000C)
    __rt_entry                               0x000000fd   Thumb Code     0  __rtentry.o(.ARM.Collect$$rtentry$$00000000)
    __rt_entry_presh_1                       0x000000fd   Thumb Code     0  __rtentry2.o(.ARM.Collect$$rtentry$$00000002)
    __rt_entry_sh                            0x000000fd   Thumb Code     0  __rtentry4.o(.ARM.Collect$$rtentry$$00000004)
    __rt_entry_li                            0x00000103   Thumb Code     0  __rtentry2.o(.ARM.Collect$$rtentry$$0000000A)
    __rt_entry_postsh_1                      0x00000103   Thumb Code     0  __rtentry2.o(.ARM.Collect$$rtentry$$00000009)
    __rt_entry_main                          0x00000107   Thumb Code     0  __rtentry2.o(.ARM.Collect$$rtentry$$0000000D)
    __rt_entry_postli_1                      0x00000107   Thumb Code     0  __rtentry2.o(.ARM.Collect$$rtentry$$0000000C)
    __rt_exit                                0x0000010f   Thumb Code     0  rtexit.o(.ARM.Collect$$rtexit$$00000000)
    __rt_exit_ls                             0x00000111   Thumb Code     0  rtexit2.o(.ARM.Collect$$rtexit$$00000003)
    __rt_exit_prels_1                        0x00000111   Thumb Code     0  rtexit2.o(.ARM.Collect$$rtexit$$00000002)
    __rt_exit_exit                           0x00000115   Thumb Code     0  rtexit2.o(.ARM.Collect$$rtexit$$00000004)
    Reset_Handler                            0x0000011d   Thumb Code     4  armsoc.o(.text)
    __user_initial_stackheap                 0x00000125   Thumb Code    10  armsoc.o(.text)
    OS_CPU_SR_Save                           0x00000145   Thumb Code     0  os_cpu_a_keil.o(.text)
    OS_CPU_SR_Restore                        0x0000014d   Thumb Code     0  os_cpu_a_keil.o(.text)
    OSStartHighRdy                           0x00000153   Thumb Code     0  os_cpu_a_keil.o(.text)
    OSCtxSw                                  0x00000173   Thumb Code     0  os_cpu_a_keil.o(.text)
    OSIntCtxSw                               0x0000017d   Thumb Code     0  os_cpu_a_keil.o(.text)
    OS_CPU_PendSVHandler                     0x00000187   Thumb Code     0  os_cpu_a_keil.o(.text)
    __use_two_region_memory                  0x000001e9   Thumb Code     2  heapauxi.o(.text)
    __rt_heap_escrow$2region                 0x000001eb   Thumb Code     2  heapauxi.o(.text)
    __rt_heap_expand$2region                 0x000001ed   Thumb Code     2  heapauxi.o(.text)
    __user_libspace                          0x000001f1   Thumb Code     8  libspace.o(.text)
    __user_perproc_libspace                  0x000001f1   Thumb Code     0  libspace.o(.text)
    __user_perthread_libspace                0x000001f1   Thumb Code     0  libspace.o(.text)
    __user_setup_stackheap                   0x000001f9   Thumb Code    74  sys_stackheap_outer.o(.text)
    exit                                     0x00000243   Thumb Code    18  exit.o(.text)
    _sys_exit                                0x00000255   Thumb Code     8  sys_exit.o(.text)
    __I$use$semihosting                      0x00000261   Thumb Code     0  use_no_semi.o(.text)
    __use_no_semihosting_swi                 0x00000261   Thumb Code     2  use_no_semi.o(.text)
    __semihosting_library_function           0x00000263   Thumb Code     0  indicate_semi.o(.text)
    BSP_CPU_ClkFreq                          0x00000265   Thumb Code     4  main.o(i.BSP_CPU_ClkFreq)
    OSDebugInit                              0x0000026d   Thumb Code    94  os_dbg_keil.o(i.OSDebugInit)
    OSInit                                   0x00000381   Thumb Code    44  os_core.o(i.OSInit)
    OSInitHookBegin                          0x000003ad   Thumb Code     2  os_cpu_c_keil.o(i.OSInitHookBegin)
    OSInitHookEnd                            0x000003af   Thumb Code     2  os_cpu_c_keil.o(i.OSInitHookEnd)
    OSIntExit                                0x000003b1   Thumb Code   112  os_core.o(i.OSIntExit)
    OSStart                                  0x00000441   Thumb Code    48  os_core.o(i.OSStart)
    OSStatInit                               0x00000489   Thumb Code    62  os_core.o(i.OSStatInit)
    OSTCBInitHook                            0x000004d5   Thumb Code     2  os_cpu_c_keil.o(i.OSTCBInitHook)
    OSTaskCreate                             0x000004d9   Thumb Code   150  os_task.o(i.OSTaskCreate)
    OSTaskCreateExt                          0x0000057d   Thumb Code   172  os_task.o(i.OSTaskCreateExt)
    OSTaskCreateHook                         0x00000635   Thumb Code     2  os_cpu_c_keil.o(i.OSTaskCreateHook)
    OSTaskIdleHook                           0x00000637   Thumb Code     2  os_cpu_c_keil.o(i.OSTaskIdleHook)
    OSTaskNameSet                            0x00000639   Thumb Code   132  os_task.o(i.OSTaskNameSet)
    OSTaskStatHook                           0x000006c9   Thumb Code     2  os_cpu_c_keil.o(i.OSTaskStatHook)
    OSTaskStkChk                             0x000006cd   Thumb Code   132  os_task.o(i.OSTaskStkChk)
    OSTaskStkInit                            0x00000759   Thumb Code   154  os_cpu_c_keil.o(i.OSTaskStkInit)
    OSTaskSuspend                            0x000007f5   Thumb Code   152  os_task.o(i.OSTaskSuspend)
    OSTaskSwHook                             0x0000089d   Thumb Code     2  os_cpu_c_keil.o(i.OSTaskSwHook)
    OSTimeDly                                0x000008a1   Thumb Code    96  os_time.o(i.OSTimeDly)
    OSTimeTick                               0x00000911   Thumb Code   210  os_core.o(i.OSTimeTick)
    OSTimeTickHook                           0x000009fd   Thumb Code     2  os_cpu_c_keil.o(i.OSTimeTickHook)
    OS_CPU_SysTickClkFreq                    0x000009ff   Thumb Code    12  main.o(i.OS_CPU_SysTickClkFreq)
    OS_CPU_SysTickHandler                    0x00000a0d   Thumb Code    34  os_cpu_c_keil.o(i.OS_CPU_SysTickHandler)
    OS_CPU_SysTickInit                       0x00000a35   Thumb Code    44  os_cpu_c_keil.o(i.OS_CPU_SysTickInit)
    OS_FlagInit                              0x00000a61   Thumb Code    68  os_flag.o(i.OS_FlagInit)
    OS_MemClr                                0x00000ca1   Thumb Code    18  os_core.o(i.OS_MemClr)
    OS_Sched                                 0x00000cb5   Thumb Code    86  os_core.o(i.OS_Sched)
    OS_StrCopy                               0x00000d55   Thumb Code    28  os_core.o(i.OS_StrCopy)
    OS_StrLen                                0x00000d71   Thumb Code    20  os_core.o(i.OS_StrLen)
    OS_TCBInit                               0x00000d85   Thumb Code   264  os_core.o(i.OS_TCBInit)
    OS_TaskIdle                              0x00000ea5   Thumb Code    32  os_core.o(i.OS_TaskIdle)
    OS_TaskStat                              0x00000ec9   Thumb Code   114  os_core.o(i.OS_TaskStat)
    OS_TaskStatStkChk                        0x00000f51   Thumb Code    54  os_core.o(i.OS_TaskStatStkChk)
    OS_TaskStkClr                            0x00000f8d   Thumb Code    26  os_task.o(i.OS_TaskStkClr)
    Uart1Getc                                0x00000fa9   Thumb Code    28  uart.o(i.Uart1Getc)
    Uart1Putc                                0x00000fc9   Thumb Code    20  uart.o(i.Uart1Putc)
    bit_read                                 0x00000fe1   Thumb Code    22  gpio.o(i.bit_read)
    bit_set                                  0x00000ff7   Thumb Code    32  gpio.o(i.bit_set)
    led1_task                                0x00001019   Thumb Code    88  main.o(i.led1_task)
    led2_task                                0x00001075   Thumb Code    40  main.o(i.led2_task)
    led3_task                                0x0000109d   Thumb Code    40  main.o(i.led3_task)
    main                                     0x000010c5   Thumb Code    40  main.o(i.main)
    uart0init                                0x00001159   Thumb Code    16  uart.o(i.uart0init)
    OSUnMapTbl                               0x00001168   Data         256  os_core.o(.constdata)
    OSDebugEn                                0x00001268   Data           2  os_dbg_keil.o(.constdata)
    OSEndiannessTest                         0x0000126c   Data           4  os_dbg_keil.o(.constdata)
    OSEventMax                               0x00001270   Data           2  os_dbg_keil.o(.constdata)
    OSEventNameSize                          0x00001272   Data           2  os_dbg_keil.o(.constdata)
    OSEventEn                                0x00001274   Data           2  os_dbg_keil.o(.constdata)
    OSEventSize                              0x00001276   Data           2  os_dbg_keil.o(.constdata)
    OSEventTblSize                           0x00001278   Data           2  os_dbg_keil.o(.constdata)
    OSFlagEn                                 0x0000127a   Data           2  os_dbg_keil.o(.constdata)
    OSFlagGrpSize                            0x0000127c   Data           2  os_dbg_keil.o(.constdata)
    OSFlagNodeSize                           0x0000127e   Data           2  os_dbg_keil.o(.constdata)
    OSFlagWidth                              0x00001280   Data           2  os_dbg_keil.o(.constdata)
    OSFlagMax                                0x00001282   Data           2  os_dbg_keil.o(.constdata)
    OSFlagNameSize                           0x00001284   Data           2  os_dbg_keil.o(.constdata)
    OSLowestPrio                             0x00001286   Data           2  os_dbg_keil.o(.constdata)
    OSMboxEn                                 0x00001288   Data           2  os_dbg_keil.o(.constdata)
    OSMemEn                                  0x0000128a   Data           2  os_dbg_keil.o(.constdata)
    OSMemMax                                 0x0000128c   Data           2  os_dbg_keil.o(.constdata)
    OSMemNameSize                            0x0000128e   Data           2  os_dbg_keil.o(.constdata)
    OSMemSize                                0x00001290   Data           2  os_dbg_keil.o(.constdata)
    OSMemTblSize                             0x00001292   Data           2  os_dbg_keil.o(.constdata)
    OSMutexEn                                0x00001294   Data           2  os_dbg_keil.o(.constdata)
    OSPtrSize                                0x00001296   Data           2  os_dbg_keil.o(.constdata)
    OSQEn                                    0x00001298   Data           2  os_dbg_keil.o(.constdata)
    OSQMax                                   0x0000129a   Data           2  os_dbg_keil.o(.constdata)
    OSQSize                                  0x0000129c   Data           2  os_dbg_keil.o(.constdata)
    OSRdyTblSize                             0x0000129e   Data           2  os_dbg_keil.o(.constdata)
    OSSemEn                                  0x000012a0   Data           2  os_dbg_keil.o(.constdata)
    OSStkWidth                               0x000012a2   Data           2  os_dbg_keil.o(.constdata)
    OSTaskCreateEn                           0x000012a4   Data           2  os_dbg_keil.o(.constdata)
    OSTaskCreateExtEn                        0x000012a6   Data           2  os_dbg_keil.o(.constdata)
    OSTaskDelEn                              0x000012a8   Data           2  os_dbg_keil.o(.constdata)
    OSTaskIdleStkSize                        0x000012aa   Data           2  os_dbg_keil.o(.constdata)
    OSTaskProfileEn                          0x000012ac   Data           2  os_dbg_keil.o(.constdata)
    OSTaskMax                                0x000012ae   Data           2  os_dbg_keil.o(.constdata)
    OSTaskNameSize                           0x000012b0   Data           2  os_dbg_keil.o(.constdata)
    OSTaskStatEn                             0x000012b2   Data           2  os_dbg_keil.o(.constdata)
    OSTaskStatStkSize                        0x000012b4   Data           2  os_dbg_keil.o(.constdata)
    OSTaskStatStkChkEn                       0x000012b6   Data           2  os_dbg_keil.o(.constdata)
    OSTaskSwHookEn                           0x000012b8   Data           2  os_dbg_keil.o(.constdata)
    OSTCBPrioTblMax                          0x000012ba   Data           2  os_dbg_keil.o(.constdata)
    OSTCBSize                                0x000012bc   Data           2  os_dbg_keil.o(.constdata)
    OSTicksPerSec                            0x000012be   Data           2  os_dbg_keil.o(.constdata)
    OSTimeTickHookEn                         0x000012c0   Data           2  os_dbg_keil.o(.constdata)
    OSVersionNbr                             0x000012c2   Data           2  os_dbg_keil.o(.constdata)
    OSDataSize                               0x000012c4   Data           2  os_dbg_keil.o(.constdata)
    Region$$Table$$Base                      0x000012c8   Number         0  anon$$obj.o(Region$$Table)
    Region$$Table$$Limit                     0x000012e8   Number         0  anon$$obj.o(Region$$Table)
    OSCtxSwCtr                               0x20004000   Data           4  os_core.o(.data)
    OSEventFreeList                          0x20004004   Data           4  os_core.o(.data)
    OSFlagFreeList                           0x20004008   Data           4  os_core.o(.data)
    OSCPUUsage                               0x2000400c   Data           1  os_core.o(.data)
    OSIdleCtrMax                             0x20004010   Data           4  os_core.o(.data)
    OSIdleCtrRun                             0x20004014   Data           4  os_core.o(.data)
    OSStatRdy                                0x20004018   Data           1  os_core.o(.data)
    OSIntNesting                             0x20004019   Data           1  os_core.o(.data)
    OSLockNesting                            0x2000401a   Data           1  os_core.o(.data)
    OSPrioCur                                0x2000401b   Data           1  os_core.o(.data)
    OSPrioHighRdy                            0x2000401c   Data           1  os_core.o(.data)
    OSRdyGrp                                 0x2000401d   Data           1  os_core.o(.data)
    OSRdyTbl                                 0x2000401e   Data           4  os_core.o(.data)
    OSRunning                                0x20004022   Data           1  os_core.o(.data)
    OSTaskCtr                                0x20004023   Data           1  os_core.o(.data)
    OSIdleCtr                                0x20004024   Data           4  os_core.o(.data)
    OSTCBCur                                 0x20004028   Data           4  os_core.o(.data)
    OSTCBFreeList                            0x2000402c   Data           4  os_core.o(.data)
    OSTCBHighRdy                             0x20004030   Data           4  os_core.o(.data)
    OSTCBList                                0x20004034   Data           4  os_core.o(.data)
    OSTickStepState                          0x20004038   Data           1  os_core.o(.data)
    OSTime                                   0x2000403c   Data           4  os_core.o(.data)
    startup_task_stk                         0x20004040   Data         256  main.o(.bss)
    LED1_TASK_STK                            0x20004140   Data         256  main.o(.bss)
    LED2_TASK_STK                            0x20004240   Data         256  main.o(.bss)
    LED3_TASK_STK                            0x20004340   Data         256  main.o(.bss)
    Read_buff                                0x20004440   Data          16  main.o(.bss)
    OSEventTbl                               0x20004450   Data         320  os_core.o(.bss)
    OSFlagTbl                                0x20004590   Data         140  os_core.o(.bss)
    OSTaskStatStk                            0x2000461c   Data         512  os_core.o(.bss)
    OSTaskIdleStk                            0x2000481c   Data         512  os_core.o(.bss)
    OSTCBPrioTbl                             0x20004a1c   Data         128  os_core.o(.bss)
    OSTCBTbl                                 0x20004a9c   Data        2024  os_core.o(.bss)
    __libspace_start                         0x20005284   Data          96  libspace.o(.bss)
    __temporary_stack_top$libspace           0x200052e4   Data           0  libspace.o(.bss)



==============================================================================

Memory Map of the image

  Image Entry point : 0x0000011d

  Load Region LR_IROM1 (Base: 0x00000000, Size: 0x00001328, Max: 0x00003fff, ABSOLUTE)

    Execution Region ER_IROM1 (Exec base: 0x00000000, Load base: 0x00000000, Size: 0x000012e8, Max: 0x00003fff, ABSOLUTE)

    Exec Addr    Load Addr    Size         Type   Attr      Idx    E Section Name        Object

    0x00000000   0x00000000   0x00000080   Data   RO          334    RESET               armsoc.o
    0x00000080   0x00000080   0x00000008   Code   RO         1198  * !!!main             c_w.l(__main.o)
    0x00000088   0x00000088   0x00000034   Code   RO         1448    !!!scatter          c_w.l(__scatter.o)
    0x000000bc   0x000000bc   0x0000001a   Code   RO         1450    !!handler_copy      c_w.l(__scatter_copy.o)
    0x000000d6   0x000000d6   0x00000002   PAD
    0x000000d8   0x000000d8   0x0000001c   Code   RO         1452    !!handler_zi        c_w.l(__scatter_zi.o)
    0x000000f4   0x000000f4   0x00000002   Code   RO         1315    .ARM.Collect$$libinit$$00000000  c_w.l(libinit.o)
    0x000000f6   0x000000f6   0x00000000   Code   RO         1323    .ARM.Collect$$libinit$$00000002  c_w.l(libinit2.o)
    0x000000f6   0x000000f6   0x00000000   Code   RO         1325    .ARM.Collect$$libinit$$00000004  c_w.l(libinit2.o)
    0x000000f6   0x000000f6   0x00000000   Code   RO         1328    .ARM.Collect$$libinit$$0000000A  c_w.l(libinit2.o)
    0x000000f6   0x000000f6   0x00000000   Code   RO         1330    .ARM.Collect$$libinit$$0000000C  c_w.l(libinit2.o)
    0x000000f6   0x000000f6   0x00000000   Code   RO         1332    .ARM.Collect$$libinit$$0000000E  c_w.l(libinit2.o)
    0x000000f6   0x000000f6   0x00000000   Code   RO         1335    .ARM.Collect$$libinit$$00000011  c_w.l(libinit2.o)
    0x000000f6   0x000000f6   0x00000000   Code   RO         1337    .ARM.Collect$$libinit$$00000013  c_w.l(libinit2.o)
    0x000000f6   0x000000f6   0x00000000   Code   RO         1339    .ARM.Collect$$libinit$$00000015  c_w.l(libinit2.o)
    0x000000f6   0x000000f6   0x00000000   Code   RO         1341    .ARM.Collect$$libinit$$00000017  c_w.l(libinit2.o)
    0x000000f6   0x000000f6   0x00000000   Code   RO         1343    .ARM.Collect$$libinit$$00000019  c_w.l(libinit2.o)
    0x000000f6   0x000000f6   0x00000000   Code   RO         1345    .ARM.Collect$$libinit$$0000001B  c_w.l(libinit2.o)
    0x000000f6   0x000000f6   0x00000000   Code   RO         1347    .ARM.Collect$$libinit$$0000001D  c_w.l(libinit2.o)
    0x000000f6   0x000000f6   0x00000000   Code   RO         1349    .ARM.Collect$$libinit$$0000001F  c_w.l(libinit2.o)
    0x000000f6   0x000000f6   0x00000000   Code   RO         1351    .ARM.Collect$$libinit$$00000021  c_w.l(libinit2.o)
    0x000000f6   0x000000f6   0x00000000   Code   RO         1353    .ARM.Collect$$libinit$$00000023  c_w.l(libinit2.o)
    0x000000f6   0x000000f6   0x00000000   Code   RO         1355    .ARM.Collect$$libinit$$00000025  c_w.l(libinit2.o)
    0x000000f6   0x000000f6   0x00000000   Code   RO         1359    .ARM.Collect$$libinit$$0000002C  c_w.l(libinit2.o)
    0x000000f6   0x000000f6   0x00000000   Code   RO         1361    .ARM.Collect$$libinit$$0000002E  c_w.l(libinit2.o)
    0x000000f6   0x000000f6   0x00000000   Code   RO         1363    .ARM.Collect$$libinit$$00000030  c_w.l(libinit2.o)
    0x000000f6   0x000000f6   0x00000000   Code   RO         1365    .ARM.Collect$$libinit$$00000032  c_w.l(libinit2.o)
    0x000000f6   0x000000f6   0x00000002   Code   RO         1366    .ARM.Collect$$libinit$$00000033  c_w.l(libinit2.o)
    0x000000f8   0x000000f8   0x00000002   Code   RO         1388    .ARM.Collect$$libshutdown$$00000000  c_w.l(libshutdown.o)
    0x000000fa   0x000000fa   0x00000000   Code   RO         1401    .ARM.Collect$$libshutdown$$00000002  c_w.l(libshutdown2.o)
    0x000000fa   0x000000fa   0x00000000   Code   RO         1403    .ARM.Collect$$libshutdown$$00000004  c_w.l(libshutdown2.o)
    0x000000fa   0x000000fa   0x00000000   Code   RO         1406    .ARM.Collect$$libshutdown$$00000007  c_w.l(libshutdown2.o)
    0x000000fa   0x000000fa   0x00000000   Code   RO         1409    .ARM.Collect$$libshutdown$$0000000A  c_w.l(libshutdown2.o)
    0x000000fa   0x000000fa   0x00000000   Code   RO         1411    .ARM.Collect$$libshutdown$$0000000C  c_w.l(libshutdown2.o)
    0x000000fa   0x000000fa   0x00000000   Code   RO         1414    .ARM.Collect$$libshutdown$$0000000F  c_w.l(libshutdown2.o)
    0x000000fa   0x000000fa   0x00000002   Code   RO         1415    .ARM.Collect$$libshutdown$$00000010  c_w.l(libshutdown2.o)
    0x000000fc   0x000000fc   0x00000000   Code   RO         1234    .ARM.Collect$$rtentry$$00000000  c_w.l(__rtentry.o)
    0x000000fc   0x000000fc   0x00000000   Code   RO         1278    .ARM.Collect$$rtentry$$00000002  c_w.l(__rtentry2.o)
    0x000000fc   0x000000fc   0x00000006   Code   RO         1290    .ARM.Collect$$rtentry$$00000004  c_w.l(__rtentry4.o)
    0x00000102   0x00000102   0x00000000   Code   RO         1280    .ARM.Collect$$rtentry$$00000009  c_w.l(__rtentry2.o)
    0x00000102   0x00000102   0x00000004   Code   RO         1281    .ARM.Collect$$rtentry$$0000000A  c_w.l(__rtentry2.o)
    0x00000106   0x00000106   0x00000000   Code   RO         1283    .ARM.Collect$$rtentry$$0000000C  c_w.l(__rtentry2.o)
    0x00000106   0x00000106   0x00000008   Code   RO         1284    .ARM.Collect$$rtentry$$0000000D  c_w.l(__rtentry2.o)
    0x0000010e   0x0000010e   0x00000002   Code   RO         1320    .ARM.Collect$$rtexit$$00000000  c_w.l(rtexit.o)
    0x00000110   0x00000110   0x00000000   Code   RO         1370    .ARM.Collect$$rtexit$$00000002  c_w.l(rtexit2.o)
    0x00000110   0x00000110   0x00000004   Code   RO         1371    .ARM.Collect$$rtexit$$00000003  c_w.l(rtexit2.o)
    0x00000114   0x00000114   0x00000006   Code   RO         1372    .ARM.Collect$$rtexit$$00000004  c_w.l(rtexit2.o)
    0x0000011a   0x0000011a   0x00000002   PAD
    0x0000011c   0x0000011c   0x00000028   Code   RO          335  * .text               armsoc.o
    0x00000144   0x00000144   0x000000a4   Code   RO         1081    .text               os_cpu_a_keil.o
    0x000001e8   0x000001e8   0x00000006   Code   RO         1196    .text               c_w.l(heapauxi.o)
    0x000001ee   0x000001ee   0x00000002   PAD
    0x000001f0   0x000001f0   0x00000008   Code   RO         1303    .text               c_w.l(libspace.o)
    0x000001f8   0x000001f8   0x0000004a   Code   RO         1306    .text               c_w.l(sys_stackheap_outer.o)
    0x00000242   0x00000242   0x00000012   Code   RO         1308    .text               c_w.l(exit.o)
    0x00000254   0x00000254   0x0000000c   Code   RO         1380    .text               c_w.l(sys_exit.o)
    0x00000260   0x00000260   0x00000002   Code   RO         1391    .text               c_w.l(use_no_semi.o)
    0x00000262   0x00000262   0x00000000   Code   RO         1393    .text               c_w.l(indicate_semi.o)
    0x00000262   0x00000262   0x00000002   PAD
    0x00000264   0x00000264   0x00000008   Code   RO            3    i.BSP_CPU_ClkFreq   main.o
    0x0000026c   0x0000026c   0x00000114   Code   RO         1169    i.OSDebugInit       os_dbg_keil.o
    0x00000380   0x00000380   0x0000002c   Code   RO          539    i.OSInit            os_core.o
    0x000003ac   0x000003ac   0x00000002   Code   RO         1084    i.OSInitHookBegin   os_cpu_c_keil.o
    0x000003ae   0x000003ae   0x00000002   Code   RO         1085    i.OSInitHookEnd     os_cpu_c_keil.o
    0x000003b0   0x000003b0   0x00000090   Code   RO          541    i.OSIntExit         os_core.o
    0x00000440   0x00000440   0x00000048   Code   RO          544    i.OSStart           os_core.o
    0x00000488   0x00000488   0x0000004c   Code   RO          545    i.OSStatInit        os_core.o
    0x000004d4   0x000004d4   0x00000002   Code   RO         1086    i.OSTCBInitHook     os_cpu_c_keil.o
    0x000004d6   0x000004d6   0x00000002   PAD
    0x000004d8   0x000004d8   0x000000a4   Code   RO          962    i.OSTaskCreate      os_task.o
    0x0000057c   0x0000057c   0x000000b8   Code   RO          963    i.OSTaskCreateExt   os_task.o
    0x00000634   0x00000634   0x00000002   Code   RO         1087    i.OSTaskCreateHook  os_cpu_c_keil.o
    0x00000636   0x00000636   0x00000002   Code   RO         1089    i.OSTaskIdleHook    os_cpu_c_keil.o
    0x00000638   0x00000638   0x00000090   Code   RO          967    i.OSTaskNameSet     os_task.o
    0x000006c8   0x000006c8   0x00000002   Code   RO         1090    i.OSTaskStatHook    os_cpu_c_keil.o
    0x000006ca   0x000006ca   0x00000002   PAD
    0x000006cc   0x000006cc   0x0000008c   Code   RO          970    i.OSTaskStkChk      os_task.o
    0x00000758   0x00000758   0x0000009a   Code   RO         1091    i.OSTaskStkInit     os_cpu_c_keil.o
    0x000007f2   0x000007f2   0x00000002   PAD
    0x000007f4   0x000007f4   0x000000a8   Code   RO          971    i.OSTaskSuspend     os_task.o
    0x0000089c   0x0000089c   0x00000002   Code   RO         1092    i.OSTaskSwHook      os_cpu_c_keil.o
    0x0000089e   0x0000089e   0x00000002   PAD
    0x000008a0   0x000008a0   0x00000070   Code   RO         1039    i.OSTimeDly         os_time.o
    0x00000910   0x00000910   0x000000ec   Code   RO          546    i.OSTimeTick        os_core.o
    0x000009fc   0x000009fc   0x00000002   Code   RO         1093    i.OSTimeTickHook    os_cpu_c_keil.o
    0x000009fe   0x000009fe   0x0000000c   Code   RO            4    i.OS_CPU_SysTickClkFreq  main.o
    0x00000a0a   0x00000a0a   0x00000002   PAD
    0x00000a0c   0x00000a0c   0x00000028   Code   RO         1094    i.OS_CPU_SysTickHandler  os_cpu_c_keil.o
    0x00000a34   0x00000a34   0x0000002c   Code   RO         1095    i.OS_CPU_SysTickInit  os_cpu_c_keil.o
    0x00000a60   0x00000a60   0x0000004c   Code   RO          763    i.OS_FlagInit       os_flag.o
    0x00000aac   0x00000aac   0x00000050   Code   RO          555    i.OS_InitEventList  os_core.o
    0x00000afc   0x00000afc   0x00000054   Code   RO          556    i.OS_InitMisc       os_core.o
    0x00000b50   0x00000b50   0x00000048   Code   RO          557    i.OS_InitRdyList    os_core.o
    0x00000b98   0x00000b98   0x00000068   Code   RO          558    i.OS_InitTCBList    os_core.o
    0x00000c00   0x00000c00   0x00000050   Code   RO          559    i.OS_InitTaskIdle   os_core.o
    0x00000c50   0x00000c50   0x00000050   Code   RO          560    i.OS_InitTaskStat   os_core.o
    0x00000ca0   0x00000ca0   0x00000012   Code   RO          561    i.OS_MemClr         os_core.o
    0x00000cb2   0x00000cb2   0x00000002   PAD
    0x00000cb4   0x00000cb4   0x00000074   Code   RO          563    i.OS_Sched          os_core.o
    0x00000d28   0x00000d28   0x0000002c   Code   RO          564    i.OS_SchedNew       os_core.o
    0x00000d54   0x00000d54   0x0000001c   Code   RO          565    i.OS_StrCopy        os_core.o
    0x00000d70   0x00000d70   0x00000014   Code   RO          566    i.OS_StrLen         os_core.o
    0x00000d84   0x00000d84   0x00000120   Code   RO          567    i.OS_TCBInit        os_core.o
    0x00000ea4   0x00000ea4   0x00000024   Code   RO          568    i.OS_TaskIdle       os_core.o
    0x00000ec8   0x00000ec8   0x00000088   Code   RO          569    i.OS_TaskStat       os_core.o
    0x00000f50   0x00000f50   0x0000003c   Code   RO          570    i.OS_TaskStatStkChk  os_core.o
    0x00000f8c   0x00000f8c   0x0000001a   Code   RO          972    i.OS_TaskStkClr     os_task.o
    0x00000fa6   0x00000fa6   0x00000002   PAD
    0x00000fa8   0x00000fa8   0x00000020   Code   RO          435    i.Uart1Getc         uart.o
    0x00000fc8   0x00000fc8   0x00000018   Code   RO          436    i.Uart1Putc         uart.o
    0x00000fe0   0x00000fe0   0x00000016   Code   RO          345    i.bit_read          gpio.o
    0x00000ff6   0x00000ff6   0x00000020   Code   RO          346    i.bit_set           gpio.o
    0x00001016   0x00001016   0x00000002   PAD
    0x00001018   0x00001018   0x0000005c   Code   RO            5    i.led1_task         main.o
    0x00001074   0x00001074   0x00000028   Code   RO            6    i.led2_task         main.o
    0x0000109c   0x0000109c   0x00000028   Code   RO            7    i.led3_task         main.o
    0x000010c4   0x000010c4   0x00000034   Code   RO            8    i.main              main.o
    0x000010f8   0x000010f8   0x00000060   Code   RO            9    i.startup_task      main.o
    0x00001158   0x00001158   0x00000010   Code   RO          442    i.uart0init         uart.o
    0x00001168   0x00001168   0x00000100   Data   RO          572    .constdata          os_core.o
    0x00001268   0x00001268   0x0000005e   Data   RO         1170    .constdata          os_dbg_keil.o
    0x000012c6   0x000012c6   0x00000002   PAD
    0x000012c8   0x000012c8   0x00000020   Data   RO         1446    Region$$Table       anon$$obj.o


    Execution Region RW_IRAM1 (Exec base: 0x20004000, Load base: 0x000012e8, Size: 0x000032e8, Max: 0x00003fff, ABSOLUTE)

    Exec Addr    Load Addr    Size         Type   Attr      Idx    E Section Name        Object

    0x20004000   0x000012e8   0x00000040   Data   RW          573    .data               os_core.o
    0x20004040        -       0x00000410   Zero   RW           10    .bss                main.o
    0x20004450        -       0x00000e34   Zero   RW          571    .bss                os_core.o
    0x20005284        -       0x00000060   Zero   RW         1304    .bss                c_w.l(libspace.o)
    0x200052e4   0x00001328   0x00000004   PAD
    0x200052e8        -       0x00001000   Zero   RW          333    HEAP                armsoc.o
    0x200062e8        -       0x00001000   Zero   RW          332    STACK               armsoc.o


==============================================================================

Image component sizes


      Code (inc. data)   RO Data    RW Data    ZI Data      Debug   Object Name

        40         22        128          0       8192        464   armsoc.o
        54          0          0          0          0       1097   gpio.o
       340         46          0          0       1040      18761   main.o
      1818        354        256         64       3636      19711   os_core.o
       164         32          0          0          0        312   os_cpu_a_keil.o
       254          6          0          0          0      15177   os_cpu_c_keil.o
       276        182         94          0          0       2965   os_dbg_keil.o
        76          8          0          0          0        538   os_flag.o
       826         62          0          0          0       5396   os_task.o
       112         16          0          0          0        596   os_time.o
        72          8          0          0          0       1268   uart.o

    ----------------------------------------------------------------------
      4048        736        512         64      12868      66285   Object Totals
         0          0         32          0          0          0   (incl. Generated)
        16          0          2          0          0          0   (incl. Padding)

    ----------------------------------------------------------------------

      Code (inc. data)   RO Data    RW Data    ZI Data      Debug   Library Member Name

         8          0          0          0          0         68   __main.o
         0          0          0          0          0          0   __rtentry.o
        12          0          0          0          0          0   __rtentry2.o
         6          0          0          0          0          0   __rtentry4.o
        52          8          0          0          0          0   __scatter.o
        26          0          0          0          0          0   __scatter_copy.o
        28          0          0          0          0          0   __scatter_zi.o
        18          0          0          0          0         80   exit.o
         6          0          0          0          0        152   heapauxi.o
         0          0          0          0          0          0   indicate_semi.o
         2          0          0          0          0          0   libinit.o
         2          0          0          0          0          0   libinit2.o
         2          0          0          0          0          0   libshutdown.o
         2          0          0          0          0          0   libshutdown2.o
         8          4          0          0         96         68   libspace.o
         2          0          0          0          0          0   rtexit.o
        10          0          0          0          0          0   rtexit2.o
        12          4          0          0          0         68   sys_exit.o
        74          0          0          0          0         80   sys_stackheap_outer.o
         2          0          0          0          0         68   use_no_semi.o

    ----------------------------------------------------------------------
       280         16          0          0        100        584   Library Totals
         8          0          0          0          4          0   (incl. Padding)

    ----------------------------------------------------------------------

      Code (inc. data)   RO Data    RW Data    ZI Data      Debug   Library Name

       272         16          0          0         96        584   c_w.l

    ----------------------------------------------------------------------
       280         16          0          0        100        584   Library Totals

    ----------------------------------------------------------------------

==============================================================================


      Code (inc. data)   RO Data    RW Data    ZI Data      Debug   

      4328        752        512         64      12968      64265   Grand Totals
      4328        752        512         64      12968      64265   ELF Image Totals
      4328        752        512         64          0          0   ROM Totals

==============================================================================

    Total RO  Size (Code + RO Data)                 4840 (   4.73kB)
    Total RW  Size (RW Data + ZI Data)             13032 (  12.73kB)
    Total ROM Size (Code + RO Data + RW Data)       4904 (   4.79kB)

==============================================================================

