<html>
<body>
<pre>
<h1>µVision Build Log</h1>
<h2>Tool Versions:</h2>
IDE-Version: ¦ÌVision V5.25.3.0
Copyright (C) 2018 ARM Ltd and ARM Germany GmbH. All rights reserved.
License Information: Chen Ricky, FZU, LIC=D0DWF-6TLUJ-YVU1Y-IA70R-51IVV-1GP17
 
Tool Versions:
Toolchain:       MDK-ARM Plus  Version: 5.24.1
Toolchain Path:  D:\Coding\MDKeil\ARM\ARMCC\Bin
C Compiler:      Armcc.exe V5.06 update 5 (build 528)
Assembler:       Armasm.exe V5.06 update 5 (build 528)
Linker/Locator:  ArmLink.exe V5.06 update 5 (build 528)
Library Manager: ArmAr.exe V5.06 update 5 (build 528)
Hex Converter:   FromElf.exe V5.06 update 5 (build 528)
CPU DLL:         SARMCM3.DLL V5.24.1
Dialog DLL:      DCM.DLL V1.16.0.0
Target DLL:      Segger\JL2CM3.dll V2.99.15.0
Dialog DLL:      TCM.DLL V1.32.0.0
 
<h2>Project:</h2>
D:\Project\FPGA\ARMcontest\ARMSOC_software\ARMSOC_software.uvprojx
Project File Date:  03/15/2019

<h2>Output:</h2>
*** Using Compiler 'V5.06 update 5 (build 528)', folder: 'D:\Coding\MDKeil\ARM\ARMCC\Bin'
Rebuild target 'Target 1'
assembling ARMSOC.s...
compiling ds18b20.c...
compiling SYN6288.C...
TTS\SYN6288.C(54): warning:  #1-D: last line of file ends without a newline
  }
TTS\SYN6288.C: 1 warning, 0 errors
compiling systick.c...
src\systick.c(8): warning:  #177-D: variable "value"  was declared but never referenced
  	int temp,value;
src\systick.c: 1 warning, 0 errors
compiling gpio.c...
compiling main.c...
src\main.h(48): warning:  #1-D: last line of file ends without a newline
  #endif
src\main.c(61): warning:  #2532-D: support for trigraphs is disabled
  	OS_ENTER_CRITICAL();				//???(????)
src\main.c: 2 warnings, 0 errors
compiling drive.c...
compiling UART.c...
src\UART.c(112): warning:  #120-D: return value type does not match the function type
  	return cnt;
src\UART.c(216): warning:  #120-D: return value type does not match the function type
  	return cnt;
src\UART.c(281): warning:  #120-D: return value type does not match the function type
  			return (s);
src\UART.c(286): warning:  #167-D: argument of type "unsigned char" is incompatible with parameter of type "const char *__restrict__"
  			strcat(s,my_ch);
src\UART.c(290): warning:  #940-D: missing return statement at end of non-void function "Uart0Getstr" 
  }
src\UART.c(376): warning:  #223-D: function "pow" declared implicitly
      n = sign * n * pow(10.0, (scale + subscale * signsubscale));    /* number = +/- number.fraction * 10^ +/- exponent */  
src\UART.c(390): warning:  #2532-D: support for trigraphs is disabled
          ++i; // ??'.'
src\UART.c: 7 warnings, 0 errors
compiling os_mem.c...
compiling os_mbox.c...
compiling os_flag.c...
compiling os_mutex.c...
compiling os_q.c...
compiling os_core.c...
compiling os_tmr.c...
assembling os_cpu_a_keil.asm...
compiling os_cpu_c_keil.c...
compiling os_sem.c...
compiling os_time.c...
compiling os_task.c...
compiling os_dbg_keil.c...
linking...
Program Size: Code=4328 RO-data=512 RW-data=64 ZI-data=12968  
FromELF: creating hex file...
".\Objects\ARMSOC_software.axf" - 0 Error(s), 11 Warning(s).

<h2>Software Packages used:</h2>

Package Vendor: ARM
                http://www.keil.com/pack/ARM.CMSIS.5.4.0.pack
                ARM.CMSIS.5.4.0
                CMSIS (Cortex Microcontroller Software Interface Standard)

<h2>Collection of Component include folders:</h2>
  .\RTE\_Target_1
  D:\Coding\MDKeil\ARM\PACK\ARM\CMSIS\5.4.0\Device\ARM\ARMCM3\Include

<h2>Collection of Component Files used:</h2>
Build Time Elapsed:  00:00:02
</pre>
</body>
</html>
